2025-04-09 16:32:13,699 - INFO - [nodemqtt_2.py:748] 구성정보파일 읽기 /home/nmone/mk/python/kafka/egnode/pj_2(docker)
2025-04-09 16:32:13,699 - INFO - [nodemqtt_2.py:749] 구성정보파일 읽기 <configparser.ConfigParser object at 0x736256ad8f10>
2025-04-09 16:32:13,723 - INFO - [nodemqtt_2.py:162] Mqtt Broker connected OK
2025-04-09 16:32:13,785 - INFO - [nodemqtt_2.py:286] In on_subscribe: 1 (0,)
2025-04-09 16:32:24,561 - INFO - [nodemqtt_2.py:577] %%%%%%%%%%%%%%%%%%%%%%%%% Edgesocket -> nodemqtt delay_time: 187.123ms , (2025-04-09 16:32:24.557976 - 2025-04-09 16:32:24.370853)
2025-04-09 16:32:24,561 - ERROR - [nodemqtt_2.py:677] 메시지 처리 중 오류 발생: 'Mqtt' object has no attribute 'process_message'
2025-04-09 16:32:24,561 - ERROR - [nodemqtt_2.py:700] 메시지 처리 실패
2025-04-09 16:32:27,613 - INFO - [nodemqtt_2.py:577] %%%%%%%%%%%%%%%%%%%%%%%%% Edgesocket -> nodemqtt delay_time: 236.155ms , (2025-04-09 16:32:27.613157 - 2025-04-09 16:32:27.377002)
2025-04-09 16:32:27,613 - ERROR - [nodemqtt_2.py:677] 메시지 처리 중 오류 발생: 'Mqtt' object has no attribute 'process_message'
2025-04-09 16:32:27,613 - ERROR - [nodemqtt_2.py:700] 메시지 처리 실패
2025-04-09 16:32:27,778 - INFO - [nodemqtt_2.py:577] %%%%%%%%%%%%%%%%%%%%%%%%% Edgesocket -> nodemqtt delay_time: 185.988ms , (2025-04-09 16:32:27.778149 - 2025-04-09 16:32:27.592161)
2025-04-09 16:32:27,994 - INFO - [nodemqtt_2.py:577] %%%%%%%%%%%%%%%%%%%%%%%%% Edgesocket -> nodemqtt delay_time: 186.814ms , (2025-04-09 16:32:27.994077 - 2025-04-09 16:32:27.807263)
2025-04-09 16:32:27,994 - ERROR - [nodemqtt_2.py:677] 메시지 처리 중 오류 발생: 'Mqtt' object has no attribute 'process_message'
2025-04-09 16:32:27,994 - ERROR - [nodemqtt_2.py:700] 메시지 처리 실패
2025-04-09 16:32:28,208 - INFO - [nodemqtt_2.py:577] %%%%%%%%%%%%%%%%%%%%%%%%% Edgesocket -> nodemqtt delay_time: 186.963ms , (2025-04-09 16:32:28.208228 - 2025-04-09 16:32:28.021265)
2025-04-09 16:32:28,208 - ERROR - [nodemqtt_2.py:677] 메시지 처리 중 오류 발생: 'Mqtt' object has no attribute 'process_message'
2025-04-09 16:32:28,208 - ERROR - [nodemqtt_2.py:700] 메시지 처리 실패
2025-04-09 16:32:28,421 - INFO - [nodemqtt_2.py:577] %%%%%%%%%%%%%%%%%%%%%%%%% Edgesocket -> nodemqtt delay_time: 185.501ms , (2025-04-09 16:32:28.421225 - 2025-04-09 16:32:28.235724)
2025-04-09 16:56:06,230 - INFO - [nodemqtt_2.py:755] 구성정보파일 읽기 /home/nmone/mk/python/kafka/egnode/pj_2(docker)
2025-04-09 16:56:06,230 - INFO - [nodemqtt_2.py:756] 구성정보파일 읽기 <configparser.ConfigParser object at 0x7e710f42ef10>
2025-04-09 16:56:06,251 - INFO - [nodemqtt_2.py:162] Mqtt Broker connected OK
2025-04-09 16:56:06,318 - INFO - [nodemqtt_2.py:286] In on_subscribe: 1 (0,)
2025-04-09 16:56:08,053 - INFO - [nodemqtt_2.py:581] %%%%%%%%%%%%%%%%%%%%%%%%% Edgesocket -> nodemqtt delay_time: 172.298ms , (2025-04-09 16:56:08.050538 - 2025-04-09 16:56:07.878240)
2025-04-09 16:56:08,053 - INFO - [nodemqtt_2.py:582] EDGE 수신 : rep vehicle location N H TRAC000001 
2025-04-09 16:56:11,258 - INFO - [nodemqtt_2.py:581] %%%%%%%%%%%%%%%%%%%%%%%%% Edgesocket -> nodemqtt delay_time: 368.501ms , (2025-04-09 16:56:11.258445 - 2025-04-09 16:56:10.889944)
2025-04-09 16:56:11,258 - INFO - [nodemqtt_2.py:582] EDGE 수신 : rep status info N H TRAC000001 
2025-04-09 16:56:11,477 - INFO - [nodemqtt_2.py:581] %%%%%%%%%%%%%%%%%%%%%%%%% Edgesocket -> nodemqtt delay_time: 174.093ms , (2025-04-09 16:56:11.477399 - 2025-04-09 16:56:11.303306)
2025-04-09 16:56:11,477 - INFO - [nodemqtt_2.py:582] EDGE 수신 : rep cls ctrlinfo N H TRAC000001 
2025-04-09 16:56:11,973 - INFO - [nodemqtt_2.py:581] %%%%%%%%%%%%%%%%%%%%%%%%% Edgesocket -> nodemqtt delay_time: 257.152ms , (2025-04-09 16:56:11.973118 - 2025-04-09 16:56:11.715966)
2025-04-09 16:56:11,973 - INFO - [nodemqtt_2.py:582] EDGE 수신 : rep vehicle location N H TRAC000001 
2025-04-09 16:56:12,303 - INFO - [nodemqtt_2.py:581] %%%%%%%%%%%%%%%%%%%%%%%%% Edgesocket -> nodemqtt delay_time: 172.754ms , (2025-04-09 16:56:12.303725 - 2025-04-09 16:56:12.130971)
2025-04-09 16:56:12,304 - INFO - [nodemqtt_2.py:582] EDGE 수신 : rep status info N H TRAC000001 
2025-04-09 16:56:12,792 - INFO - [nodemqtt_2.py:581] %%%%%%%%%%%%%%%%%%%%%%%%% Edgesocket -> nodemqtt delay_time: 247.049ms , (2025-04-09 16:56:12.792450 - 2025-04-09 16:56:12.545401)
2025-04-09 16:56:12,792 - INFO - [nodemqtt_2.py:582] EDGE 수신 : rep cls ctrlinfo N H TRAC000001 
2025-04-09 16:56:13,126 - INFO - [nodemqtt_2.py:581] %%%%%%%%%%%%%%%%%%%%%%%%% Edgesocket -> nodemqtt delay_time: 172.1ms , (2025-04-09 16:56:13.126462 - 2025-04-09 16:56:12.954362)
2025-04-09 16:56:13,127 - INFO - [nodemqtt_2.py:582] EDGE 수신 : rep vehicle location N H TRAC000001 
2025-04-09 16:56:13,611 - INFO - [nodemqtt_2.py:581] %%%%%%%%%%%%%%%%%%%%%%%%% Edgesocket -> nodemqtt delay_time: 244.575ms , (2025-04-09 16:56:13.611285 - 2025-04-09 16:56:13.366710)
2025-04-09 16:56:13,611 - INFO - [nodemqtt_2.py:582] EDGE 수신 : rep status info N H TRAC000001 
2025-04-09 16:56:13,953 - INFO - [nodemqtt_2.py:581] %%%%%%%%%%%%%%%%%%%%%%%%% Edgesocket -> nodemqtt delay_time: 172.518ms , (2025-04-09 16:56:13.952955 - 2025-04-09 16:56:13.780437)
2025-04-09 16:56:13,953 - INFO - [nodemqtt_2.py:582] EDGE 수신 : rep cls ctrlinfo N H TRAC000001 
2025-04-09 16:56:14,432 - INFO - [nodemqtt_2.py:581] %%%%%%%%%%%%%%%%%%%%%%%%% Edgesocket -> nodemqtt delay_time: 238.871ms , (2025-04-09 16:56:14.431740 - 2025-04-09 16:56:14.192869)
2025-04-09 16:56:14,432 - INFO - [nodemqtt_2.py:582] EDGE 수신 : rep vehicle location N H TRAC000001 
2025-04-09 16:56:14,781 - INFO - [nodemqtt_2.py:581] %%%%%%%%%%%%%%%%%%%%%%%%% Edgesocket -> nodemqtt delay_time: 173.149ms , (2025-04-09 16:56:14.781593 - 2025-04-09 16:56:14.608444)
2025-04-09 16:56:14,782 - INFO - [nodemqtt_2.py:582] EDGE 수신 : rep status info N H TRAC000001 
2025-04-09 16:56:15,249 - INFO - [nodemqtt_2.py:581] %%%%%%%%%%%%%%%%%%%%%%%%% Edgesocket -> nodemqtt delay_time: 228.0ms , (2025-04-09 16:56:15.249423 - 2025-04-09 16:56:15.021423)
2025-04-09 16:56:15,249 - INFO - [nodemqtt_2.py:582] EDGE 수신 : rep cls ctrlinfo N H TRAC000001 
2025-04-09 16:56:15,607 - INFO - [nodemqtt_2.py:581] %%%%%%%%%%%%%%%%%%%%%%%%% Edgesocket -> nodemqtt delay_time: 171.91ms , (2025-04-09 16:56:15.607068 - 2025-04-09 16:56:15.435158)
2025-04-09 16:56:15,607 - INFO - [nodemqtt_2.py:582] EDGE 수신 : rep vehicle location N H TRAC000001 
2025-04-09 16:56:16,070 - INFO - [nodemqtt_2.py:581] %%%%%%%%%%%%%%%%%%%%%%%%% Edgesocket -> nodemqtt delay_time: 220.324ms , (2025-04-09 16:56:16.070305 - 2025-04-09 16:56:15.849981)
2025-04-09 16:56:16,070 - INFO - [nodemqtt_2.py:582] EDGE 수신 : rep status info N H TRAC000001 
2025-04-09 16:56:16,436 - INFO - [nodemqtt_2.py:581] %%%%%%%%%%%%%%%%%%%%%%%%% Edgesocket -> nodemqtt delay_time: 173.118ms , (2025-04-09 16:56:16.436266 - 2025-04-09 16:56:16.263148)
2025-04-09 16:56:16,436 - INFO - [nodemqtt_2.py:582] EDGE 수신 : rep cls ctrlinfo N H TRAC000001 
2025-04-09 16:56:16,888 - INFO - [nodemqtt_2.py:581] %%%%%%%%%%%%%%%%%%%%%%%%% Edgesocket -> nodemqtt delay_time: 211.128ms , (2025-04-09 16:56:16.888483 - 2025-04-09 16:56:16.677355)
2025-04-09 16:56:16,889 - INFO - [nodemqtt_2.py:582] EDGE 수신 : rep vehicle location N H TRAC000001 
2025-04-09 16:56:17,259 - INFO - [nodemqtt_2.py:581] %%%%%%%%%%%%%%%%%%%%%%%%% Edgesocket -> nodemqtt delay_time: 172.816ms , (2025-04-09 16:56:17.259524 - 2025-04-09 16:56:17.086708)
2025-04-09 16:56:17,260 - INFO - [nodemqtt_2.py:582] EDGE 수신 : rep status info N H TRAC000001 
2025-04-09 16:56:17,705 - INFO - [nodemqtt_2.py:581] %%%%%%%%%%%%%%%%%%%%%%%%% Edgesocket -> nodemqtt delay_time: 202.789ms , (2025-04-09 16:56:17.705745 - 2025-04-09 16:56:17.502956)
2025-04-09 16:56:17,706 - INFO - [nodemqtt_2.py:582] EDGE 수신 : rep cls ctrlinfo N H TRAC000001 
2025-04-09 16:56:18,115 - INFO - [nodemqtt_2.py:581] %%%%%%%%%%%%%%%%%%%%%%%%% Edgesocket -> nodemqtt delay_time: 197.835ms , (2025-04-09 16:56:18.115330 - 2025-04-09 16:56:17.917495)
2025-04-09 16:56:18,115 - INFO - [nodemqtt_2.py:582] EDGE 수신 : rep vehicle location N H TRAC000001 
2025-04-09 16:56:18,526 - INFO - [nodemqtt_2.py:581] %%%%%%%%%%%%%%%%%%%%%%%%% Edgesocket -> nodemqtt delay_time: 194.067ms , (2025-04-09 16:56:18.526310 - 2025-04-09 16:56:18.332243)
2025-04-09 16:56:18,526 - INFO - [nodemqtt_2.py:582] EDGE 수신 : rep status info N H TRAC000001 
2025-04-09 16:56:18,935 - INFO - [nodemqtt_2.py:581] %%%%%%%%%%%%%%%%%%%%%%%%% Edgesocket -> nodemqtt delay_time: 190.212ms , (2025-04-09 16:56:18.935762 - 2025-04-09 16:56:18.745550)
2025-04-09 16:56:18,936 - INFO - [nodemqtt_2.py:582] EDGE 수신 : rep cls ctrlinfo N H TRAC000001 
2025-04-09 16:56:19,345 - INFO - [nodemqtt_2.py:581] %%%%%%%%%%%%%%%%%%%%%%%%% Edgesocket -> nodemqtt delay_time: 184.9ms , (2025-04-09 16:56:19.344965 - 2025-04-09 16:56:19.160065)
2025-04-09 16:56:19,345 - INFO - [nodemqtt_2.py:582] EDGE 수신 : rep vehicle location N H TRAC000001 
2025-04-09 16:56:19,754 - INFO - [nodemqtt_2.py:581] %%%%%%%%%%%%%%%%%%%%%%%%% Edgesocket -> nodemqtt delay_time: 180.231ms , (2025-04-09 16:56:19.754091 - 2025-04-09 16:56:19.573860)
2025-04-09 16:56:19,754 - INFO - [nodemqtt_2.py:582] EDGE 수신 : rep status info N H TRAC000001 
2025-04-09 16:56:20,268 - INFO - [nodemqtt_2.py:581] %%%%%%%%%%%%%%%%%%%%%%%%% Edgesocket -> nodemqtt delay_time: 279.745ms , (2025-04-09 16:56:20.267928 - 2025-04-09 16:56:19.988183)
2025-04-09 16:56:20,268 - INFO - [nodemqtt_2.py:582] EDGE 수신 : rep cls ctrlinfo N H TRAC000001 
2025-04-09 16:56:20,573 - INFO - [nodemqtt_2.py:581] %%%%%%%%%%%%%%%%%%%%%%%%% Edgesocket -> nodemqtt delay_time: 172.183ms , (2025-04-09 16:56:20.573419 - 2025-04-09 16:56:20.401236)
2025-04-09 16:56:20,574 - INFO - [nodemqtt_2.py:582] EDGE 수신 : rep vehicle location N H TRAC000001 
2025-04-09 16:56:21,091 - INFO - [nodemqtt_2.py:581] %%%%%%%%%%%%%%%%%%%%%%%%% Edgesocket -> nodemqtt delay_time: 276.733ms , (2025-04-09 16:56:21.091231 - 2025-04-09 16:56:20.814498)
2025-04-09 16:56:21,091 - INFO - [nodemqtt_2.py:582] EDGE 수신 : rep status info N H TRAC000001 
2025-04-09 16:56:21,400 - INFO - [nodemqtt_2.py:581] %%%%%%%%%%%%%%%%%%%%%%%%% Edgesocket -> nodemqtt delay_time: 170.665ms , (2025-04-09 16:56:21.400198 - 2025-04-09 16:56:21.229533)
2025-04-09 16:56:21,400 - INFO - [nodemqtt_2.py:582] EDGE 수신 : rep cls ctrlinfo N H TRAC000001 
2025-04-09 16:56:21,906 - INFO - [nodemqtt_2.py:581] %%%%%%%%%%%%%%%%%%%%%%%%% Edgesocket -> nodemqtt delay_time: 262.049ms , (2025-04-09 16:56:21.906422 - 2025-04-09 16:56:21.644373)
2025-04-09 16:56:21,907 - INFO - [nodemqtt_2.py:582] EDGE 수신 : rep vehicle location N H TRAC000001 
2025-04-09 16:56:22,229 - INFO - [nodemqtt_2.py:581] %%%%%%%%%%%%%%%%%%%%%%%%% Edgesocket -> nodemqtt delay_time: 172.657ms , (2025-04-09 16:56:22.228859 - 2025-04-09 16:56:22.056202)
2025-04-09 16:56:22,229 - INFO - [nodemqtt_2.py:582] EDGE 수신 : rep status info N H TRAC000001 
2025-04-09 16:56:22,726 - INFO - [nodemqtt_2.py:581] %%%%%%%%%%%%%%%%%%%%%%%%% Edgesocket -> nodemqtt delay_time: 257.551ms , (2025-04-09 16:56:22.725793 - 2025-04-09 16:56:22.468242)
2025-04-09 16:56:22,726 - INFO - [nodemqtt_2.py:582] EDGE 수신 : rep cls ctrlinfo N H TRAC000001 
2025-04-09 16:56:23,052 - INFO - [nodemqtt_2.py:581] %%%%%%%%%%%%%%%%%%%%%%%%% Edgesocket -> nodemqtt delay_time: 172.849ms , (2025-04-09 16:56:23.052217 - 2025-04-09 16:56:22.879368)
2025-04-09 16:56:23,052 - INFO - [nodemqtt_2.py:582] EDGE 수신 : rep vehicle location N H TRAC000001 
2025-04-09 16:56:23,544 - INFO - [nodemqtt_2.py:581] %%%%%%%%%%%%%%%%%%%%%%%%% Edgesocket -> nodemqtt delay_time: 253.661ms , (2025-04-09 16:56:23.544463 - 2025-04-09 16:56:23.290802)
2025-04-09 16:56:23,545 - INFO - [nodemqtt_2.py:582] EDGE 수신 : rep status info N H TRAC000001 
2025-04-09 16:56:23,876 - INFO - [nodemqtt_2.py:581] %%%%%%%%%%%%%%%%%%%%%%%%% Edgesocket -> nodemqtt delay_time: 171.554ms , (2025-04-09 16:56:23.876269 - 2025-04-09 16:56:23.704715)
2025-04-09 16:56:23,876 - INFO - [nodemqtt_2.py:582] EDGE 수신 : rep cls ctrlinfo N H TRAC000001 
2025-04-09 16:56:24,364 - INFO - [nodemqtt_2.py:581] %%%%%%%%%%%%%%%%%%%%%%%%% Edgesocket -> nodemqtt delay_time: 246.609ms , (2025-04-09 16:56:24.363859 - 2025-04-09 16:56:24.117250)
2025-04-09 16:56:24,364 - INFO - [nodemqtt_2.py:582] EDGE 수신 : rep vehicle location N H TRAC000001 
2025-04-09 16:56:24,692 - INFO - [nodemqtt_2.py:581] %%%%%%%%%%%%%%%%%%%%%%%%% Edgesocket -> nodemqtt delay_time: 171.086ms , (2025-04-09 16:56:24.691914 - 2025-04-09 16:56:24.520828)
2025-04-09 16:56:24,692 - INFO - [nodemqtt_2.py:582] EDGE 수신 : rep status info N H TRAC000001 
2025-04-09 16:56:25,182 - INFO - [nodemqtt_2.py:581] %%%%%%%%%%%%%%%%%%%%%%%%% Edgesocket -> nodemqtt delay_time: 249.674ms , (2025-04-09 16:56:25.181841 - 2025-04-09 16:56:24.932167)
2025-04-09 16:56:25,182 - INFO - [nodemqtt_2.py:582] EDGE 수신 : rep cls ctrlinfo N H TRAC000001 
2025-04-09 16:56:25,517 - INFO - [nodemqtt_2.py:581] %%%%%%%%%%%%%%%%%%%%%%%%% Edgesocket -> nodemqtt delay_time: 172.639ms , (2025-04-09 16:56:25.517373 - 2025-04-09 16:56:25.344734)
2025-04-09 16:56:25,517 - INFO - [nodemqtt_2.py:582] EDGE 수신 : rep vehicle location N H TRAC000001 
2025-04-09 16:56:26,003 - INFO - [nodemqtt_2.py:581] %%%%%%%%%%%%%%%%%%%%%%%%% Edgesocket -> nodemqtt delay_time: 245.992ms , (2025-04-09 16:56:26.003099 - 2025-04-09 16:56:25.757107)
2025-04-09 16:56:26,003 - INFO - [nodemqtt_2.py:582] EDGE 수신 : rep status info N H TRAC000001 
2025-04-09 16:56:26,341 - INFO - [nodemqtt_2.py:581] %%%%%%%%%%%%%%%%%%%%%%%%% Edgesocket -> nodemqtt delay_time: 172.228ms , (2025-04-09 16:56:26.341177 - 2025-04-09 16:56:26.168949)
2025-04-09 16:56:26,341 - INFO - [nodemqtt_2.py:582] EDGE 수신 : rep cls ctrlinfo N H TRAC000001 
2025-04-09 16:56:26,820 - INFO - [nodemqtt_2.py:581] %%%%%%%%%%%%%%%%%%%%%%%%% Edgesocket -> nodemqtt delay_time: 236.975ms , (2025-04-09 16:56:26.820338 - 2025-04-09 16:56:26.583363)
2025-04-09 16:56:26,820 - INFO - [nodemqtt_2.py:582] EDGE 수신 : rep vehicle location N H TRAC000001 
2025-04-09 16:56:27,169 - INFO - [nodemqtt_2.py:581] %%%%%%%%%%%%%%%%%%%%%%%%% Edgesocket -> nodemqtt delay_time: 170.213ms , (2025-04-09 16:56:27.169427 - 2025-04-09 16:56:26.999214)
2025-04-09 16:56:27,169 - INFO - [nodemqtt_2.py:582] EDGE 수신 : rep status info N H TRAC000001 
2025-04-09 16:56:27,640 - INFO - [nodemqtt_2.py:581] %%%%%%%%%%%%%%%%%%%%%%%%% Edgesocket -> nodemqtt delay_time: 225.953ms , (2025-04-09 16:56:27.639822 - 2025-04-09 16:56:27.413869)
2025-04-09 16:56:27,640 - INFO - [nodemqtt_2.py:582] EDGE 수신 : rep cls ctrlinfo N H TRAC000001 
2025-04-09 16:56:28,015 - INFO - [nodemqtt_2.py:581] %%%%%%%%%%%%%%%%%%%%%%%%% Edgesocket -> nodemqtt delay_time: 172.386ms , (2025-04-09 16:56:28.015088 - 2025-04-09 16:56:27.842702)
2025-04-09 16:56:28,015 - INFO - [nodemqtt_2.py:582] EDGE 수신 : rep vehicle location N H TRAC000001 
2025-04-09 16:56:28,458 - INFO - [nodemqtt_2.py:581] %%%%%%%%%%%%%%%%%%%%%%%%% Edgesocket -> nodemqtt delay_time: 208.779ms , (2025-04-09 16:56:28.458246 - 2025-04-09 16:56:28.249467)
2025-04-09 16:56:28,458 - INFO - [nodemqtt_2.py:582] EDGE 수신 : rep status info N H TRAC000001 
2025-04-09 16:56:28,835 - INFO - [nodemqtt_2.py:581] %%%%%%%%%%%%%%%%%%%%%%%%% Edgesocket -> nodemqtt delay_time: 170.476ms , (2025-04-09 16:56:28.835203 - 2025-04-09 16:56:28.664727)
2025-04-09 16:56:28,835 - INFO - [nodemqtt_2.py:582] EDGE 수신 : rep cls ctrlinfo N H TRAC000001 
2025-04-09 16:56:29,249 - INFO - [nodemqtt_2.py:581] %%%%%%%%%%%%%%%%%%%%%%%%% Edgesocket -> nodemqtt delay_time: 171.508ms , (2025-04-09 16:56:29.248877 - 2025-04-09 16:56:29.077369)
2025-04-09 16:56:29,249 - INFO - [nodemqtt_2.py:582] EDGE 수신 : rep vehicle location N H TRAC000001 
2025-04-09 16:56:29,648 - INFO - [nodemqtt_2.py:581] %%%%%%%%%%%%%%%%%%%%%%%%% Edgesocket -> nodemqtt delay_time: 170.423ms , (2025-04-09 16:56:29.648706 - 2025-04-09 16:56:29.478283)
2025-04-09 16:56:29,649 - INFO - [nodemqtt_2.py:582] EDGE 수신 : rep status info N H TRAC000001 
2025-04-09 16:56:30,096 - INFO - [nodemqtt_2.py:581] %%%%%%%%%%%%%%%%%%%%%%%%% Edgesocket -> nodemqtt delay_time: 205.137ms , (2025-04-09 16:56:30.095757 - 2025-04-09 16:56:29.890620)
2025-04-09 16:56:30,096 - INFO - [nodemqtt_2.py:582] EDGE 수신 : rep cls ctrlinfo N H TRAC000001 
2025-04-09 16:56:30,475 - INFO - [nodemqtt_2.py:581] %%%%%%%%%%%%%%%%%%%%%%%%% Edgesocket -> nodemqtt delay_time: 172.459ms , (2025-04-09 16:56:30.475692 - 2025-04-09 16:56:30.303233)
2025-04-09 16:56:30,476 - INFO - [nodemqtt_2.py:582] EDGE 수신 : rep vehicle location N H TRAC000001 
2025-04-09 16:56:30,914 - INFO - [nodemqtt_2.py:581] %%%%%%%%%%%%%%%%%%%%%%%%% Edgesocket -> nodemqtt delay_time: 196.723ms , (2025-04-09 16:56:30.914538 - 2025-04-09 16:56:30.717815)
2025-04-09 16:56:30,915 - INFO - [nodemqtt_2.py:582] EDGE 수신 : rep status info N H TRAC000001 
2025-04-09 16:56:31,324 - INFO - [nodemqtt_2.py:581] %%%%%%%%%%%%%%%%%%%%%%%%% Edgesocket -> nodemqtt delay_time: 192.904ms , (2025-04-09 16:56:31.324332 - 2025-04-09 16:56:31.131428)
2025-04-09 16:56:31,324 - INFO - [nodemqtt_2.py:582] EDGE 수신 : rep cls ctrlinfo N H TRAC000001 
2025-04-09 16:56:31,718 - INFO - [nodemqtt_2.py:581] %%%%%%%%%%%%%%%%%%%%%%%%% Edgesocket -> nodemqtt delay_time: 172.605ms , (2025-04-09 16:56:31.718113 - 2025-04-09 16:56:31.545508)
2025-04-09 16:56:31,718 - INFO - [nodemqtt_2.py:582] EDGE 수신 : rep vehicle location N H TRAC000001 
2025-04-09 16:56:32,144 - INFO - [nodemqtt_2.py:581] %%%%%%%%%%%%%%%%%%%%%%%%% Edgesocket -> nodemqtt delay_time: 184.109ms , (2025-04-09 16:56:32.144272 - 2025-04-09 16:56:31.960163)
2025-04-09 16:56:32,144 - INFO - [nodemqtt_2.py:582] EDGE 수신 : rep status info N H TRAC000001 
2025-04-09 16:57:53,061 - INFO - [nodemqtt_2.py:755] 구성정보파일 읽기 /home/nmone/mk/python/kafka/egnode/pj_2(docker)
2025-04-09 16:57:53,061 - INFO - [nodemqtt_2.py:756] 구성정보파일 읽기 <configparser.ConfigParser object at 0x7c1a1c04ff10>
2025-04-09 16:57:53,084 - INFO - [nodemqtt_2.py:162] Mqtt Broker connected OK
2025-04-09 16:57:53,155 - INFO - [nodemqtt_2.py:286] In on_subscribe: 1 (0,)
2025-04-09 16:57:56,631 - INFO - [nodemqtt_2.py:581] %%%%%%%%%%%%%%%%%%%%%%%%% Edgesocket -> nodemqtt delay_time: 165.097ms , (2025-04-09 16:57:56.628423 - 2025-04-09 16:57:56.463326)
2025-04-09 16:57:56,632 - INFO - [nodemqtt_2.py:582] EDGE 수신 : rep vehicle location N H TRAC000001 
2025-04-09 16:57:59,631 - INFO - [nodemqtt_2.py:581] %%%%%%%%%%%%%%%%%%%%%%%%% Edgesocket -> nodemqtt delay_time: 163.469ms , (2025-04-09 16:57:59.631232 - 2025-04-09 16:57:59.467763)
2025-04-09 16:57:59,631 - INFO - [nodemqtt_2.py:582] EDGE 수신 : rep status info N H TRAC000001 
2025-04-09 16:57:59,846 - INFO - [nodemqtt_2.py:581] %%%%%%%%%%%%%%%%%%%%%%%%% Edgesocket -> nodemqtt delay_time: 163.893ms , (2025-04-09 16:57:59.846111 - 2025-04-09 16:57:59.682218)
2025-04-09 16:57:59,846 - INFO - [nodemqtt_2.py:582] EDGE 수신 : rep cls ctrlinfo N H TRAC000001 
2025-04-09 16:58:00,065 - INFO - [nodemqtt_2.py:581] %%%%%%%%%%%%%%%%%%%%%%%%% Edgesocket -> nodemqtt delay_time: 164.021ms , (2025-04-09 16:58:00.065118 - 2025-04-09 16:57:59.901097)
2025-04-09 16:58:00,065 - INFO - [nodemqtt_2.py:582] EDGE 수신 : rep vehicle location N H TRAC000001 
2025-04-09 16:58:00,266 - INFO - [nodemqtt_2.py:581] %%%%%%%%%%%%%%%%%%%%%%%%% Edgesocket -> nodemqtt delay_time: 163.566ms , (2025-04-09 16:58:00.266690 - 2025-04-09 16:58:00.103124)
2025-04-09 16:58:00,266 - INFO - [nodemqtt_2.py:582] EDGE 수신 : rep status info N H TRAC000001 
2025-04-09 16:58:00,484 - INFO - [nodemqtt_2.py:581] %%%%%%%%%%%%%%%%%%%%%%%%% Edgesocket -> nodemqtt delay_time: 165.635ms , (2025-04-09 16:58:00.484213 - 2025-04-09 16:58:00.318578)
2025-04-09 16:58:00,484 - INFO - [nodemqtt_2.py:582] EDGE 수신 : rep cls ctrlinfo N H TRAC000001 
2025-04-09 16:58:00,697 - INFO - [nodemqtt_2.py:581] %%%%%%%%%%%%%%%%%%%%%%%%% Edgesocket -> nodemqtt delay_time: 163.889ms , (2025-04-09 16:58:00.697232 - 2025-04-09 16:58:00.533343)
2025-04-09 16:58:00,697 - INFO - [nodemqtt_2.py:582] EDGE 수신 : rep vehicle location N H TRAC000001 
2025-04-09 16:58:00,912 - INFO - [nodemqtt_2.py:581] %%%%%%%%%%%%%%%%%%%%%%%%% Edgesocket -> nodemqtt delay_time: 164.342ms , (2025-04-09 16:58:00.912526 - 2025-04-09 16:58:00.748184)
2025-04-09 16:58:00,913 - INFO - [nodemqtt_2.py:582] EDGE 수신 : rep status info N H TRAC000001 
2025-04-09 16:58:01,127 - INFO - [nodemqtt_2.py:581] %%%%%%%%%%%%%%%%%%%%%%%%% Edgesocket -> nodemqtt delay_time: 164.726ms , (2025-04-09 16:58:01.126957 - 2025-04-09 16:58:00.962231)
2025-04-09 16:58:01,127 - INFO - [nodemqtt_2.py:582] EDGE 수신 : rep cls ctrlinfo N H TRAC000001 
2025-04-09 16:58:01,340 - INFO - [nodemqtt_2.py:581] %%%%%%%%%%%%%%%%%%%%%%%%% Edgesocket -> nodemqtt delay_time: 163.595ms , (2025-04-09 16:58:01.340425 - 2025-04-09 16:58:01.176830)
2025-04-09 16:58:01,340 - INFO - [nodemqtt_2.py:582] EDGE 수신 : rep vehicle location N H TRAC000001 
2025-04-09 16:58:01,555 - INFO - [nodemqtt_2.py:581] %%%%%%%%%%%%%%%%%%%%%%%%% Edgesocket -> nodemqtt delay_time: 163.54ms , (2025-04-09 16:58:01.555349 - 2025-04-09 16:58:01.391809)
2025-04-09 16:58:01,555 - INFO - [nodemqtt_2.py:582] EDGE 수신 : rep status info N H TRAC000001 
2025-04-09 16:58:01,769 - INFO - [nodemqtt_2.py:581] %%%%%%%%%%%%%%%%%%%%%%%%% Edgesocket -> nodemqtt delay_time: 161.908ms , (2025-04-09 16:58:01.769326 - 2025-04-09 16:58:01.607418)
2025-04-09 16:58:01,769 - INFO - [nodemqtt_2.py:582] EDGE 수신 : rep cls ctrlinfo N H TRAC000001 
2025-04-09 16:58:01,986 - INFO - [nodemqtt_2.py:581] %%%%%%%%%%%%%%%%%%%%%%%%% Edgesocket -> nodemqtt delay_time: 162.501ms , (2025-04-09 16:58:01.986287 - 2025-04-09 16:58:01.823786)
2025-04-09 16:58:01,986 - INFO - [nodemqtt_2.py:582] EDGE 수신 : rep vehicle location N H TRAC000001 
2025-04-09 16:58:02,205 - INFO - [nodemqtt_2.py:581] %%%%%%%%%%%%%%%%%%%%%%%%% Edgesocket -> nodemqtt delay_time: 166.725ms , (2025-04-09 16:58:02.205199 - 2025-04-09 16:58:02.038474)
2025-04-09 16:58:02,205 - INFO - [nodemqtt_2.py:582] EDGE 수신 : rep status info N H TRAC000001 
2025-04-09 16:58:02,417 - INFO - [nodemqtt_2.py:581] %%%%%%%%%%%%%%%%%%%%%%%%% Edgesocket -> nodemqtt delay_time: 162.778ms , (2025-04-09 16:58:02.416963 - 2025-04-09 16:58:02.254185)
2025-04-09 16:58:02,417 - INFO - [nodemqtt_2.py:582] EDGE 수신 : rep cls ctrlinfo N H TRAC000001 
2025-04-09 16:58:02,632 - INFO - [nodemqtt_2.py:581] %%%%%%%%%%%%%%%%%%%%%%%%% Edgesocket -> nodemqtt delay_time: 162.383ms , (2025-04-09 16:58:02.632103 - 2025-04-09 16:58:02.469720)
2025-04-09 16:58:02,632 - INFO - [nodemqtt_2.py:582] EDGE 수신 : rep vehicle location N H TRAC000001 
2025-04-09 16:58:02,844 - INFO - [nodemqtt_2.py:581] %%%%%%%%%%%%%%%%%%%%%%%%% Edgesocket -> nodemqtt delay_time: 162.485ms , (2025-04-09 16:58:02.844535 - 2025-04-09 16:58:02.682050)
2025-04-09 16:58:02,845 - INFO - [nodemqtt_2.py:582] EDGE 수신 : rep status info N H TRAC000001 
2025-04-09 16:58:03,046 - INFO - [nodemqtt_2.py:581] %%%%%%%%%%%%%%%%%%%%%%%%% Edgesocket -> nodemqtt delay_time: 162.809ms , (2025-04-09 16:58:03.046420 - 2025-04-09 16:58:02.883611)
2025-04-09 16:58:03,046 - INFO - [nodemqtt_2.py:582] EDGE 수신 : rep cls ctrlinfo N H TRAC000001 
2025-04-09 16:58:03,261 - INFO - [nodemqtt_2.py:581] %%%%%%%%%%%%%%%%%%%%%%%%% Edgesocket -> nodemqtt delay_time: 163.314ms , (2025-04-09 16:58:03.261093 - 2025-04-09 16:58:03.097779)
2025-04-09 16:58:03,261 - INFO - [nodemqtt_2.py:582] EDGE 수신 : rep vehicle location N H TRAC000001 
2025-04-09 16:58:03,476 - INFO - [nodemqtt_2.py:581] %%%%%%%%%%%%%%%%%%%%%%%%% Edgesocket -> nodemqtt delay_time: 163.794ms , (2025-04-09 16:58:03.476267 - 2025-04-09 16:58:03.312473)
2025-04-09 16:58:03,476 - INFO - [nodemqtt_2.py:582] EDGE 수신 : rep status info N H TRAC000001 
2025-04-09 16:58:03,691 - INFO - [nodemqtt_2.py:581] %%%%%%%%%%%%%%%%%%%%%%%%% Edgesocket -> nodemqtt delay_time: 163.036ms , (2025-04-09 16:58:03.691290 - 2025-04-09 16:58:03.528254)
2025-04-09 16:58:03,691 - INFO - [nodemqtt_2.py:582] EDGE 수신 : rep cls ctrlinfo N H TRAC000001 
2025-04-09 16:58:03,907 - INFO - [nodemqtt_2.py:581] %%%%%%%%%%%%%%%%%%%%%%%%% Edgesocket -> nodemqtt delay_time: 163.745ms , (2025-04-09 16:58:03.907308 - 2025-04-09 16:58:03.743563)
2025-04-09 16:58:03,907 - INFO - [nodemqtt_2.py:582] EDGE 수신 : rep vehicle location N H TRAC000001 
2025-04-09 16:58:04,122 - INFO - [nodemqtt_2.py:581] %%%%%%%%%%%%%%%%%%%%%%%%% Edgesocket -> nodemqtt delay_time: 163.436ms , (2025-04-09 16:58:04.122585 - 2025-04-09 16:58:03.959149)
2025-04-09 16:58:04,123 - INFO - [nodemqtt_2.py:582] EDGE 수신 : rep status info N H TRAC000001 
2025-04-09 16:58:04,335 - INFO - [nodemqtt_2.py:581] %%%%%%%%%%%%%%%%%%%%%%%%% Edgesocket -> nodemqtt delay_time: 162.491ms , (2025-04-09 16:58:04.335611 - 2025-04-09 16:58:04.173120)
2025-04-09 16:58:04,336 - INFO - [nodemqtt_2.py:582] EDGE 수신 : rep cls ctrlinfo N H TRAC000001 
2025-04-09 16:58:04,538 - INFO - [nodemqtt_2.py:581] %%%%%%%%%%%%%%%%%%%%%%%%% Edgesocket -> nodemqtt delay_time: 163.437ms , (2025-04-09 16:58:04.537801 - 2025-04-09 16:58:04.374364)
2025-04-09 16:58:04,538 - INFO - [nodemqtt_2.py:582] EDGE 수신 : rep vehicle location N H TRAC000001 
2025-04-09 16:58:04,738 - INFO - [nodemqtt_2.py:581] %%%%%%%%%%%%%%%%%%%%%%%%% Edgesocket -> nodemqtt delay_time: 162.596ms , (2025-04-09 16:58:04.738415 - 2025-04-09 16:58:04.575819)
2025-04-09 16:58:04,738 - INFO - [nodemqtt_2.py:582] EDGE 수신 : rep status info N H TRAC000001 
2025-04-09 16:58:04,953 - INFO - [nodemqtt_2.py:581] %%%%%%%%%%%%%%%%%%%%%%%%% Edgesocket -> nodemqtt delay_time: 164.794ms , (2025-04-09 16:58:04.953343 - 2025-04-09 16:58:04.788549)
2025-04-09 16:58:04,953 - INFO - [nodemqtt_2.py:582] EDGE 수신 : rep cls ctrlinfo N H TRAC000001 
2025-04-09 16:58:05,166 - INFO - [nodemqtt_2.py:581] %%%%%%%%%%%%%%%%%%%%%%%%% Edgesocket -> nodemqtt delay_time: 162.738ms , (2025-04-09 16:58:05.166530 - 2025-04-09 16:58:05.003792)
2025-04-09 16:58:05,167 - INFO - [nodemqtt_2.py:582] EDGE 수신 : rep vehicle location N H TRAC000001 
2025-04-09 16:58:05,383 - INFO - [nodemqtt_2.py:581] %%%%%%%%%%%%%%%%%%%%%%%%% Edgesocket -> nodemqtt delay_time: 163.635ms , (2025-04-09 16:58:05.383360 - 2025-04-09 16:58:05.219725)
2025-04-09 16:58:05,383 - INFO - [nodemqtt_2.py:582] EDGE 수신 : rep status info N H TRAC000001 
2025-04-09 16:58:05,599 - INFO - [nodemqtt_2.py:581] %%%%%%%%%%%%%%%%%%%%%%%%% Edgesocket -> nodemqtt delay_time: 164.769ms , (2025-04-09 16:58:05.599239 - 2025-04-09 16:58:05.434470)
2025-04-09 16:58:05,599 - INFO - [nodemqtt_2.py:582] EDGE 수신 : rep cls ctrlinfo N H TRAC000001 
2025-04-09 16:58:05,812 - INFO - [nodemqtt_2.py:581] %%%%%%%%%%%%%%%%%%%%%%%%% Edgesocket -> nodemqtt delay_time: 163.166ms , (2025-04-09 16:58:05.812129 - 2025-04-09 16:58:05.648963)
2025-04-09 16:58:05,812 - INFO - [nodemqtt_2.py:582] EDGE 수신 : rep vehicle location N H TRAC000001 
2025-04-09 16:58:06,028 - INFO - [nodemqtt_2.py:581] %%%%%%%%%%%%%%%%%%%%%%%%% Edgesocket -> nodemqtt delay_time: 164.691ms , (2025-04-09 16:58:06.028370 - 2025-04-09 16:58:05.863679)
2025-04-09 16:58:06,029 - INFO - [nodemqtt_2.py:582] EDGE 수신 : rep status info N H TRAC000001 
2025-04-09 16:58:06,243 - INFO - [nodemqtt_2.py:581] %%%%%%%%%%%%%%%%%%%%%%%%% Edgesocket -> nodemqtt delay_time: 163.229ms , (2025-04-09 16:58:06.243561 - 2025-04-09 16:58:06.080332)
2025-04-09 16:58:06,243 - INFO - [nodemqtt_2.py:582] EDGE 수신 : rep cls ctrlinfo N H TRAC000001 
2025-04-09 16:58:06,459 - INFO - [nodemqtt_2.py:581] %%%%%%%%%%%%%%%%%%%%%%%%% Edgesocket -> nodemqtt delay_time: 163.866ms , (2025-04-09 16:58:06.459145 - 2025-04-09 16:58:06.295279)
2025-04-09 16:58:06,459 - INFO - [nodemqtt_2.py:582] EDGE 수신 : rep vehicle location N H TRAC000001 
2025-04-09 16:58:06,674 - INFO - [nodemqtt_2.py:581] %%%%%%%%%%%%%%%%%%%%%%%%% Edgesocket -> nodemqtt delay_time: 163.578ms , (2025-04-09 16:58:06.674078 - 2025-04-09 16:58:06.510500)
2025-04-09 16:58:06,674 - INFO - [nodemqtt_2.py:582] EDGE 수신 : rep status info N H TRAC000001 
2025-04-09 16:58:06,891 - INFO - [nodemqtt_2.py:581] %%%%%%%%%%%%%%%%%%%%%%%%% Edgesocket -> nodemqtt delay_time: 163.282ms , (2025-04-09 16:58:06.890874 - 2025-04-09 16:58:06.727592)
2025-04-09 16:58:06,891 - INFO - [nodemqtt_2.py:582] EDGE 수신 : rep cls ctrlinfo N H TRAC000001 
2025-04-09 16:58:07,103 - INFO - [nodemqtt_2.py:581] %%%%%%%%%%%%%%%%%%%%%%%%% Edgesocket -> nodemqtt delay_time: 163.429ms , (2025-04-09 16:58:07.103130 - 2025-04-09 16:58:06.939701)
2025-04-09 16:58:07,103 - INFO - [nodemqtt_2.py:582] EDGE 수신 : rep vehicle location N H TRAC000001 
2025-04-09 16:58:07,318 - INFO - [nodemqtt_2.py:581] %%%%%%%%%%%%%%%%%%%%%%%%% Edgesocket -> nodemqtt delay_time: 163.69ms , (2025-04-09 16:58:07.317930 - 2025-04-09 16:58:07.154240)
2025-04-09 16:58:07,318 - INFO - [nodemqtt_2.py:582] EDGE 수신 : rep status info N H TRAC000001 
2025-04-09 16:58:07,534 - INFO - [nodemqtt_2.py:581] %%%%%%%%%%%%%%%%%%%%%%%%% Edgesocket -> nodemqtt delay_time: 163.194ms , (2025-04-09 16:58:07.534700 - 2025-04-09 16:58:07.371506)
2025-04-09 16:58:07,535 - INFO - [nodemqtt_2.py:582] EDGE 수신 : rep cls ctrlinfo N H TRAC000001 
2025-04-09 16:58:07,736 - INFO - [nodemqtt_2.py:581] %%%%%%%%%%%%%%%%%%%%%%%%% Edgesocket -> nodemqtt delay_time: 163.869ms , (2025-04-09 16:58:07.736377 - 2025-04-09 16:58:07.572508)
2025-04-09 16:58:07,736 - INFO - [nodemqtt_2.py:582] EDGE 수신 : rep vehicle location N H TRAC000001 
2025-04-09 16:58:07,950 - INFO - [nodemqtt_2.py:581] %%%%%%%%%%%%%%%%%%%%%%%%% Edgesocket -> nodemqtt delay_time: 162.756ms , (2025-04-09 16:58:07.950133 - 2025-04-09 16:58:07.787377)
2025-04-09 16:58:07,950 - INFO - [nodemqtt_2.py:582] EDGE 수신 : rep status info N H TRAC000001 
2025-04-09 16:58:08,164 - INFO - [nodemqtt_2.py:581] %%%%%%%%%%%%%%%%%%%%%%%%% Edgesocket -> nodemqtt delay_time: 163.345ms , (2025-04-09 16:58:08.164538 - 2025-04-09 16:58:08.001193)
2025-04-09 16:58:08,165 - INFO - [nodemqtt_2.py:582] EDGE 수신 : rep cls ctrlinfo N H TRAC000001 
2025-04-09 16:58:08,379 - INFO - [nodemqtt_2.py:581] %%%%%%%%%%%%%%%%%%%%%%%%% Edgesocket -> nodemqtt delay_time: 163.033ms , (2025-04-09 16:58:08.379732 - 2025-04-09 16:58:08.216699)
2025-04-09 16:58:08,380 - INFO - [nodemqtt_2.py:582] EDGE 수신 : rep vehicle location N H TRAC000001 
2025-04-09 16:58:08,577 - INFO - [nodemqtt_2.py:581] %%%%%%%%%%%%%%%%%%%%%%%%% Edgesocket -> nodemqtt delay_time: 159.517ms , (2025-04-09 16:58:08.576983 - 2025-04-09 16:58:08.417466)
2025-04-09 16:58:08,577 - INFO - [nodemqtt_2.py:582] EDGE 수신 : rep status info N H TRAC000001 
2025-04-09 16:58:08,794 - INFO - [nodemqtt_2.py:581] %%%%%%%%%%%%%%%%%%%%%%%%% Edgesocket -> nodemqtt delay_time: 162.618ms , (2025-04-09 16:58:08.794087 - 2025-04-09 16:58:08.631469)
2025-04-09 16:58:08,794 - INFO - [nodemqtt_2.py:582] EDGE 수신 : rep cls ctrlinfo N H TRAC000001 
2025-04-09 16:58:09,008 - INFO - [nodemqtt_2.py:581] %%%%%%%%%%%%%%%%%%%%%%%%% Edgesocket -> nodemqtt delay_time: 162.485ms , (2025-04-09 16:58:09.008103 - 2025-04-09 16:58:08.845618)
2025-04-09 16:58:09,008 - INFO - [nodemqtt_2.py:582] EDGE 수신 : rep vehicle location N H TRAC000001 
2025-04-09 16:58:09,222 - INFO - [nodemqtt_2.py:581] %%%%%%%%%%%%%%%%%%%%%%%%% Edgesocket -> nodemqtt delay_time: 162.913ms , (2025-04-09 16:58:09.222545 - 2025-04-09 16:58:09.059632)
2025-04-09 16:58:09,223 - INFO - [nodemqtt_2.py:582] EDGE 수신 : rep status info N H TRAC000001 
2025-04-09 16:58:09,438 - INFO - [nodemqtt_2.py:581] %%%%%%%%%%%%%%%%%%%%%%%%% Edgesocket -> nodemqtt delay_time: 162.108ms , (2025-04-09 16:58:09.437906 - 2025-04-09 16:58:09.275798)
2025-04-09 16:58:09,438 - INFO - [nodemqtt_2.py:582] EDGE 수신 : rep cls ctrlinfo N H TRAC000001 
2025-04-09 16:58:09,639 - INFO - [nodemqtt_2.py:581] %%%%%%%%%%%%%%%%%%%%%%%%% Edgesocket -> nodemqtt delay_time: 162.429ms , (2025-04-09 16:58:09.639161 - 2025-04-09 16:58:09.476732)
2025-04-09 16:58:09,639 - INFO - [nodemqtt_2.py:582] EDGE 수신 : rep vehicle location N H TRAC000001 
2025-04-09 16:58:09,854 - INFO - [nodemqtt_2.py:581] %%%%%%%%%%%%%%%%%%%%%%%%% Edgesocket -> nodemqtt delay_time: 163.29ms , (2025-04-09 16:58:09.854662 - 2025-04-09 16:58:09.691372)
2025-04-09 16:58:09,855 - INFO - [nodemqtt_2.py:582] EDGE 수신 : rep status info N H TRAC000001 
2025-04-09 16:58:10,069 - INFO - [nodemqtt_2.py:581] %%%%%%%%%%%%%%%%%%%%%%%%% Edgesocket -> nodemqtt delay_time: 163.215ms , (2025-04-09 16:58:10.069210 - 2025-04-09 16:58:09.905995)
2025-04-09 16:58:10,069 - INFO - [nodemqtt_2.py:582] EDGE 수신 : rep cls ctrlinfo N H TRAC000001 
2025-04-09 16:58:10,284 - INFO - [nodemqtt_2.py:581] %%%%%%%%%%%%%%%%%%%%%%%%% Edgesocket -> nodemqtt delay_time: 163.326ms , (2025-04-09 16:58:10.283816 - 2025-04-09 16:58:10.120490)
2025-04-09 16:58:10,284 - INFO - [nodemqtt_2.py:582] EDGE 수신 : rep vehicle location N H TRAC000001 
2025-04-09 16:58:10,496 - INFO - [nodemqtt_2.py:581] %%%%%%%%%%%%%%%%%%%%%%%%% Edgesocket -> nodemqtt delay_time: 162.992ms , (2025-04-09 16:58:10.496745 - 2025-04-09 16:58:10.333753)
2025-04-09 16:58:10,497 - INFO - [nodemqtt_2.py:582] EDGE 수신 : rep status info N H TRAC000001 
2025-04-09 16:58:10,715 - INFO - [nodemqtt_2.py:581] %%%%%%%%%%%%%%%%%%%%%%%%% Edgesocket -> nodemqtt delay_time: 163.873ms , (2025-04-09 16:58:10.715654 - 2025-04-09 16:58:10.551781)
2025-04-09 16:58:10,716 - INFO - [nodemqtt_2.py:582] EDGE 수신 : rep cls ctrlinfo N H TRAC000001 
2025-04-09 16:58:10,928 - INFO - [nodemqtt_2.py:581] %%%%%%%%%%%%%%%%%%%%%%%%% Edgesocket -> nodemqtt delay_time: 163.092ms , (2025-04-09 16:58:10.928617 - 2025-04-09 16:58:10.765525)
2025-04-09 16:58:10,929 - INFO - [nodemqtt_2.py:582] EDGE 수신 : rep vehicle location N H TRAC000001 
2025-04-09 16:58:49,959 - INFO - [nodemqtt_2.py:756] 구성정보파일 읽기 /home/nmone/mk/python/kafka/egnode/pj_2(docker)
2025-04-09 16:58:49,960 - INFO - [nodemqtt_2.py:757] 구성정보파일 읽기 <configparser.ConfigParser object at 0x74a5ef4d7f10>
2025-04-09 16:58:49,981 - INFO - [nodemqtt_2.py:163] Mqtt Broker connected OK
2025-04-09 16:58:50,045 - INFO - [nodemqtt_2.py:287] In on_subscribe: 1 (0,)
2025-04-09 16:58:52,541 - INFO - [nodemqtt_2.py:582] %%%%%%%%%%%%%%%%%%%%%%%%% Edgesocket -> nodemqtt delay_time: 161.198ms , (2025-04-09 16:58:52.537962 - 2025-04-09 16:58:52.376764)
2025-04-09 16:58:52,541 - INFO - [nodemqtt_2.py:583] EDGE 수신 : rep vehicle location N H TRAC000001 
2025-04-09 16:59:22,986 - INFO - [nodemqtt_2.py:756] 구성정보파일 읽기 /home/nmone/mk/python/kafka/egnode/pj_2(docker)
2025-04-09 16:59:22,986 - INFO - [nodemqtt_2.py:757] 구성정보파일 읽기 <configparser.ConfigParser object at 0x749c4de97f10>
2025-04-09 16:59:23,008 - INFO - [nodemqtt_2.py:163] Mqtt Broker connected OK
2025-04-09 16:59:23,073 - INFO - [nodemqtt_2.py:287] In on_subscribe: 1 (0,)
2025-04-09 16:59:25,000 - INFO - [nodemqtt_2.py:582] %%%%%%%%%%%%%%%%%%%%%%%%% Edgesocket -> nodemqtt delay_time: 158.7ms , (2025-04-09 16:59:24.996353 - 2025-04-09 16:59:24.837653)
2025-04-09 16:59:25,000 - INFO - [nodemqtt_2.py:583] EDGE 수신 : rep vehicle location N H TRAC000001 
2025-04-09 16:59:28,054 - INFO - [nodemqtt_2.py:582] %%%%%%%%%%%%%%%%%%%%%%%%% Edgesocket -> nodemqtt delay_time: 211.341ms , (2025-04-09 16:59:28.053758 - 2025-04-09 16:59:27.842417)
2025-04-09 16:59:28,054 - INFO - [nodemqtt_2.py:583] EDGE 수신 : rep status info N H TRAC000001 
2025-04-09 16:59:28,215 - INFO - [nodemqtt_2.py:582] %%%%%%%%%%%%%%%%%%%%%%%%% Edgesocket -> nodemqtt delay_time: 160.361ms , (2025-04-09 16:59:28.215325 - 2025-04-09 16:59:28.054964)
2025-04-09 16:59:28,215 - INFO - [nodemqtt_2.py:583] EDGE 수신 : rep cls ctrlinfo N H TRAC000001 
2025-04-09 16:59:28,414 - INFO - [nodemqtt_2.py:582] %%%%%%%%%%%%%%%%%%%%%%%%% Edgesocket -> nodemqtt delay_time: 157.209ms , (2025-04-09 16:59:28.414713 - 2025-04-09 16:59:28.257504)
2025-04-09 16:59:28,415 - INFO - [nodemqtt_2.py:583] EDGE 수신 : rep vehicle location N H TRAC000001 
2025-04-09 16:59:28,616 - INFO - [nodemqtt_2.py:582] %%%%%%%%%%%%%%%%%%%%%%%%% Edgesocket -> nodemqtt delay_time: 157.146ms , (2025-04-09 16:59:28.616753 - 2025-04-09 16:59:28.459607)
2025-04-09 16:59:28,617 - INFO - [nodemqtt_2.py:583] EDGE 수신 : rep status info N H TRAC000001 
2025-04-09 16:59:28,830 - INFO - [nodemqtt_2.py:582] %%%%%%%%%%%%%%%%%%%%%%%%% Edgesocket -> nodemqtt delay_time: 157.606ms , (2025-04-09 16:59:28.830520 - 2025-04-09 16:59:28.672914)
2025-04-09 16:59:28,831 - INFO - [nodemqtt_2.py:583] EDGE 수신 : rep cls ctrlinfo N H TRAC000001 
2025-04-09 16:59:28,996 - INFO - [nodemqtt_2.py:545] ************** work_doing_monitor ******************** {"accel": "100.000000", "batteryRemainingCapacity": "59", "batteryTemperature": "0", "batteryVoltage": "0", "brake": "0.000000", "brakeStatus": "59", "brakeType": "0", "drivingDistance": "0.01", "emergencyLight": "1", "loadCapacity": "20.0", "mdpsAngle": "-22.000000", "transmission": "3", "turnSignal": "1", "wheelSpeed": "4.166667", "workRate": "20.0", "yawRate": "0.000000", "heading": "88.441299", "latitude": "36.610398", "longitude": "127.288229", "speed": "14.999999"}
2025-04-09 16:59:29,032 - INFO - [nodemqtt_2.py:582] %%%%%%%%%%%%%%%%%%%%%%%%% Edgesocket -> nodemqtt delay_time: 157.886ms , (2025-04-09 16:59:29.032711 - 2025-04-09 16:59:28.874825)
2025-04-09 16:59:29,033 - INFO - [nodemqtt_2.py:583] EDGE 수신 : rep vehicle location N H TRAC000001 
2025-04-09 16:59:29,248 - INFO - [nodemqtt_2.py:582] %%%%%%%%%%%%%%%%%%%%%%%%% Edgesocket -> nodemqtt delay_time: 157.52ms , (2025-04-09 16:59:29.247857 - 2025-04-09 16:59:29.090337)
2025-04-09 16:59:29,248 - INFO - [nodemqtt_2.py:583] EDGE 수신 : rep status info N H TRAC000001 
2025-04-09 16:59:29,463 - INFO - [nodemqtt_2.py:582] %%%%%%%%%%%%%%%%%%%%%%%%% Edgesocket -> nodemqtt delay_time: 158.148ms , (2025-04-09 16:59:29.463159 - 2025-04-09 16:59:29.305011)
2025-04-09 16:59:29,463 - INFO - [nodemqtt_2.py:583] EDGE 수신 : rep cls ctrlinfo N H TRAC000001 
2025-04-09 16:59:29,678 - INFO - [nodemqtt_2.py:582] %%%%%%%%%%%%%%%%%%%%%%%%% Edgesocket -> nodemqtt delay_time: 158.46ms , (2025-04-09 16:59:29.678189 - 2025-04-09 16:59:29.519729)
2025-04-09 16:59:29,678 - INFO - [nodemqtt_2.py:583] EDGE 수신 : rep vehicle location N H TRAC000001 
2025-04-09 16:59:29,894 - INFO - [nodemqtt_2.py:582] %%%%%%%%%%%%%%%%%%%%%%%%% Edgesocket -> nodemqtt delay_time: 158.324ms , (2025-04-09 16:59:29.894497 - 2025-04-09 16:59:29.736173)
2025-04-09 16:59:29,895 - INFO - [nodemqtt_2.py:583] EDGE 수신 : rep status info N H TRAC000001 
2025-04-09 16:59:29,999 - INFO - [nodemqtt_2.py:545] ************** work_doing_monitor ******************** {"accel": "100.000000", "batteryRemainingCapacity": "59", "batteryTemperature": "0", "batteryVoltage": "0", "brake": "0.000000", "brakeStatus": "59", "brakeType": "0", "drivingDistance": "0.01", "emergencyLight": "1", "loadCapacity": "20.0", "mdpsAngle": "-22.000000", "transmission": "3", "turnSignal": "1", "wheelSpeed": "3.888889", "workRate": "20.0", "yawRate": "0.000000", "heading": "88.556198", "latitude": "36.610397", "longitude": "127.288211", "speed": "14.000000"}
2025-04-09 16:59:30,122 - INFO - [nodemqtt_2.py:582] %%%%%%%%%%%%%%%%%%%%%%%%% Edgesocket -> nodemqtt delay_time: 158.613ms , (2025-04-09 16:59:30.122127 - 2025-04-09 16:59:29.963514)
2025-04-09 16:59:30,122 - INFO - [nodemqtt_2.py:583] EDGE 수신 : rep cls ctrlinfo N H TRAC000001 
2025-04-09 16:59:30,325 - INFO - [nodemqtt_2.py:582] %%%%%%%%%%%%%%%%%%%%%%%%% Edgesocket -> nodemqtt delay_time: 158.283ms , (2025-04-09 16:59:30.324966 - 2025-04-09 16:59:30.166683)
2025-04-09 16:59:30,325 - INFO - [nodemqtt_2.py:583] EDGE 수신 : rep vehicle location N H TRAC000001 
2025-04-09 16:59:30,538 - INFO - [nodemqtt_2.py:582] %%%%%%%%%%%%%%%%%%%%%%%%% Edgesocket -> nodemqtt delay_time: 158.138ms , (2025-04-09 16:59:30.538176 - 2025-04-09 16:59:30.380038)
2025-04-09 16:59:30,538 - INFO - [nodemqtt_2.py:583] EDGE 수신 : rep status info N H TRAC000001 
2025-04-09 16:59:30,750 - INFO - [nodemqtt_2.py:582] %%%%%%%%%%%%%%%%%%%%%%%%% Edgesocket -> nodemqtt delay_time: 156.877ms , (2025-04-09 16:59:30.750164 - 2025-04-09 16:59:30.593287)
2025-04-09 16:59:30,750 - INFO - [nodemqtt_2.py:583] EDGE 수신 : rep cls ctrlinfo N H TRAC000001 
2025-04-09 16:59:30,967 - INFO - [nodemqtt_2.py:582] %%%%%%%%%%%%%%%%%%%%%%%%% Edgesocket -> nodemqtt delay_time: 157.421ms , (2025-04-09 16:59:30.967208 - 2025-04-09 16:59:30.809787)
2025-04-09 16:59:30,967 - INFO - [nodemqtt_2.py:583] EDGE 수신 : rep vehicle location N H TRAC000001 
2025-04-09 16:59:31,002 - INFO - [nodemqtt_2.py:545] ************** work_doing_monitor ******************** {"accel": "100.000000", "batteryRemainingCapacity": "59", "batteryTemperature": "0", "batteryVoltage": "0", "brake": "0.000000", "brakeStatus": "59", "brakeType": "0", "drivingDistance": "0.01", "emergencyLight": "1", "loadCapacity": "20.0", "mdpsAngle": "-21.000000", "transmission": "3", "turnSignal": "1", "wheelSpeed": "3.611111", "workRate": "20.0", "yawRate": "0.000000", "heading": "88.610397", "latitude": "36.610396", "longitude": "127.288194", "speed": "13.000000"}
2025-04-09 16:59:31,182 - INFO - [nodemqtt_2.py:582] %%%%%%%%%%%%%%%%%%%%%%%%% Edgesocket -> nodemqtt delay_time: 158.181ms , (2025-04-09 16:59:31.182376 - 2025-04-09 16:59:31.024195)
2025-04-09 16:59:31,182 - INFO - [nodemqtt_2.py:583] EDGE 수신 : rep status info N H TRAC000001 
2025-04-09 16:59:31,397 - INFO - [nodemqtt_2.py:582] %%%%%%%%%%%%%%%%%%%%%%%%% Edgesocket -> nodemqtt delay_time: 158.274ms , (2025-04-09 16:59:31.396734 - 2025-04-09 16:59:31.238460)
2025-04-09 16:59:31,397 - INFO - [nodemqtt_2.py:583] EDGE 수신 : rep cls ctrlinfo N H TRAC000001 
2025-04-09 16:59:31,610 - INFO - [nodemqtt_2.py:582] %%%%%%%%%%%%%%%%%%%%%%%%% Edgesocket -> nodemqtt delay_time: 158.012ms , (2025-04-09 16:59:31.610030 - 2025-04-09 16:59:31.452018)
2025-04-09 16:59:31,610 - INFO - [nodemqtt_2.py:583] EDGE 수신 : rep vehicle location N H TRAC000001 
2025-04-09 16:59:31,825 - INFO - [nodemqtt_2.py:582] %%%%%%%%%%%%%%%%%%%%%%%%% Edgesocket -> nodemqtt delay_time: 157.3ms , (2025-04-09 16:59:31.824816 - 2025-04-09 16:59:31.667516)
2025-04-09 16:59:31,825 - INFO - [nodemqtt_2.py:583] EDGE 수신 : rep status info N H TRAC000001 
2025-04-09 16:59:32,005 - INFO - [nodemqtt_2.py:545] ************** work_doing_monitor ******************** {"accel": "100.000000", "batteryRemainingCapacity": "59", "batteryTemperature": "0", "batteryVoltage": "0", "brake": "0.000000", "brakeStatus": "59", "brakeType": "0", "drivingDistance": "0.01", "emergencyLight": "1", "loadCapacity": "20.0", "mdpsAngle": "-20.000000", "transmission": "3", "turnSignal": "1", "wheelSpeed": "3.333333", "workRate": "20.0", "yawRate": "0.000000", "heading": "88.642601", "latitude": "36.610395", "longitude": "127.288186", "speed": "12.000000"}
2025-04-09 16:59:32,042 - INFO - [nodemqtt_2.py:582] %%%%%%%%%%%%%%%%%%%%%%%%% Edgesocket -> nodemqtt delay_time: 158.37ms , (2025-04-09 16:59:32.041770 - 2025-04-09 16:59:31.883400)
2025-04-09 16:59:32,042 - INFO - [nodemqtt_2.py:583] EDGE 수신 : rep cls ctrlinfo N H TRAC000001 
2025-04-09 16:59:32,264 - INFO - [nodemqtt_2.py:582] %%%%%%%%%%%%%%%%%%%%%%%%% Edgesocket -> nodemqtt delay_time: 156.805ms , (2025-04-09 16:59:32.264447 - 2025-04-09 16:59:32.107642)
2025-04-09 16:59:32,264 - INFO - [nodemqtt_2.py:583] EDGE 수신 : rep vehicle location N H TRAC000001 
2025-04-09 16:59:32,472 - INFO - [nodemqtt_2.py:582] %%%%%%%%%%%%%%%%%%%%%%%%% Edgesocket -> nodemqtt delay_time: 158.801ms , (2025-04-09 16:59:32.471957 - 2025-04-09 16:59:32.313156)
2025-04-09 16:59:32,472 - INFO - [nodemqtt_2.py:583] EDGE 수신 : rep status info N H TRAC000001 
2025-04-09 16:59:32,685 - INFO - [nodemqtt_2.py:582] %%%%%%%%%%%%%%%%%%%%%%%%% Edgesocket -> nodemqtt delay_time: 156.809ms , (2025-04-09 16:59:32.685060 - 2025-04-09 16:59:32.528251)
2025-04-09 16:59:32,685 - INFO - [nodemqtt_2.py:583] EDGE 수신 : rep cls ctrlinfo N H TRAC000001 
2025-04-09 16:59:32,900 - INFO - [nodemqtt_2.py:582] %%%%%%%%%%%%%%%%%%%%%%%%% Edgesocket -> nodemqtt delay_time: 158.208ms , (2025-04-09 16:59:32.900575 - 2025-04-09 16:59:32.742367)
2025-04-09 16:59:32,900 - INFO - [nodemqtt_2.py:583] EDGE 수신 : rep vehicle location N H TRAC000001 
2025-04-09 16:59:33,009 - INFO - [nodemqtt_2.py:545] ************** work_doing_monitor ******************** {"accel": "100.000000", "batteryRemainingCapacity": "59", "batteryTemperature": "0", "batteryVoltage": "0", "brake": "0.000000", "brakeStatus": "59", "brakeType": "0", "drivingDistance": "0.01", "emergencyLight": "1", "loadCapacity": "20.0", "mdpsAngle": "-20.000000", "transmission": "3", "turnSignal": "1", "wheelSpeed": "3.333333", "workRate": "20.0", "yawRate": "0.000000", "heading": "88.669601", "latitude": "36.610394", "longitude": "127.288170", "speed": "12.000000"}
2025-04-09 16:59:33,113 - INFO - [nodemqtt_2.py:582] %%%%%%%%%%%%%%%%%%%%%%%%% Edgesocket -> nodemqtt delay_time: 157.282ms , (2025-04-09 16:59:33.113535 - 2025-04-09 16:59:32.956253)
2025-04-09 16:59:33,114 - INFO - [nodemqtt_2.py:583] EDGE 수신 : rep status info N H TRAC000001 
2025-04-09 16:59:33,328 - INFO - [nodemqtt_2.py:582] %%%%%%%%%%%%%%%%%%%%%%%%% Edgesocket -> nodemqtt delay_time: 156.795ms , (2025-04-09 16:59:33.328661 - 2025-04-09 16:59:33.171866)
2025-04-09 16:59:33,329 - INFO - [nodemqtt_2.py:583] EDGE 수신 : rep cls ctrlinfo N H TRAC000001 
2025-04-09 16:59:33,546 - INFO - [nodemqtt_2.py:582] %%%%%%%%%%%%%%%%%%%%%%%%% Edgesocket -> nodemqtt delay_time: 157.68ms , (2025-04-09 16:59:33.545813 - 2025-04-09 16:59:33.388133)
2025-04-09 16:59:33,546 - INFO - [nodemqtt_2.py:583] EDGE 수신 : rep vehicle location N H TRAC000001 
2025-04-09 16:59:33,761 - INFO - [nodemqtt_2.py:582] %%%%%%%%%%%%%%%%%%%%%%%%% Edgesocket -> nodemqtt delay_time: 157.437ms , (2025-04-09 16:59:33.761231 - 2025-04-09 16:59:33.603794)
2025-04-09 16:59:33,761 - INFO - [nodemqtt_2.py:583] EDGE 수신 : rep status info N H TRAC000001 
2025-04-09 16:59:33,975 - INFO - [nodemqtt_2.py:582] %%%%%%%%%%%%%%%%%%%%%%%%% Edgesocket -> nodemqtt delay_time: 157.305ms , (2025-04-09 16:59:33.974933 - 2025-04-09 16:59:33.817628)
2025-04-09 16:59:33,975 - INFO - [nodemqtt_2.py:583] EDGE 수신 : rep cls ctrlinfo N H TRAC000001 
2025-04-09 16:59:34,012 - INFO - [nodemqtt_2.py:545] ************** work_doing_monitor ******************** {"accel": "100.000000", "batteryRemainingCapacity": "59", "batteryTemperature": "0", "batteryVoltage": "0", "brake": "0.000000", "brakeStatus": "59", "brakeType": "0", "drivingDistance": "0.01", "emergencyLight": "1", "loadCapacity": "20.0", "mdpsAngle": "-17.000000", "transmission": "3", "turnSignal": "1", "wheelSpeed": "3.333333", "workRate": "20.0", "yawRate": "0.000000", "heading": "88.741798", "latitude": "36.610394", "longitude": "127.288161", "speed": "12.000000"}
2025-04-09 16:59:34,190 - INFO - [nodemqtt_2.py:582] %%%%%%%%%%%%%%%%%%%%%%%%% Edgesocket -> nodemqtt delay_time: 157.495ms , (2025-04-09 16:59:34.189880 - 2025-04-09 16:59:34.032385)
2025-04-09 16:59:34,190 - INFO - [nodemqtt_2.py:583] EDGE 수신 : rep vehicle location N H TRAC000001 
2025-04-09 16:59:34,406 - INFO - [nodemqtt_2.py:582] %%%%%%%%%%%%%%%%%%%%%%%%% Edgesocket -> nodemqtt delay_time: 157.168ms , (2025-04-09 16:59:34.406304 - 2025-04-09 16:59:34.249136)
2025-04-09 16:59:34,406 - INFO - [nodemqtt_2.py:583] EDGE 수신 : rep status info N H TRAC000001 
2025-04-09 16:59:34,620 - INFO - [nodemqtt_2.py:582] %%%%%%%%%%%%%%%%%%%%%%%%% Edgesocket -> nodemqtt delay_time: 157.038ms , (2025-04-09 16:59:34.619905 - 2025-04-09 16:59:34.462867)
2025-04-09 16:59:34,620 - INFO - [nodemqtt_2.py:583] EDGE 수신 : rep cls ctrlinfo N H TRAC000001 
2025-04-09 16:59:34,835 - INFO - [nodemqtt_2.py:582] %%%%%%%%%%%%%%%%%%%%%%%%% Edgesocket -> nodemqtt delay_time: 157.405ms , (2025-04-09 16:59:34.835196 - 2025-04-09 16:59:34.677791)
2025-04-09 16:59:34,835 - INFO - [nodemqtt_2.py:583] EDGE 수신 : rep vehicle location N H TRAC000001 
2025-04-09 16:59:35,016 - INFO - [nodemqtt_2.py:545] ************** work_doing_monitor ******************** {"accel": "100.000000", "batteryRemainingCapacity": "59", "batteryTemperature": "0", "batteryVoltage": "0", "brake": "0.000000", "brakeStatus": "59", "brakeType": "0", "drivingDistance": "0.01", "emergencyLight": "1", "loadCapacity": "20.0", "mdpsAngle": "-17.000000", "transmission": "3", "turnSignal": "1", "wheelSpeed": "3.055556", "workRate": "20.0", "yawRate": "0.000000", "heading": "89.296204", "latitude": "36.610393", "longitude": "127.288144", "speed": "11.000000"}
2025-04-09 16:59:35,039 - INFO - [nodemqtt_2.py:582] %%%%%%%%%%%%%%%%%%%%%%%%% Edgesocket -> nodemqtt delay_time: 157.261ms , (2025-04-09 16:59:35.038711 - 2025-04-09 16:59:34.881450)
2025-04-09 16:59:35,039 - INFO - [nodemqtt_2.py:583] EDGE 수신 : rep status info N H TRAC000001 
2025-04-09 16:59:35,253 - INFO - [nodemqtt_2.py:582] %%%%%%%%%%%%%%%%%%%%%%%%% Edgesocket -> nodemqtt delay_time: 156.69ms , (2025-04-09 16:59:35.253099 - 2025-04-09 16:59:35.096409)
2025-04-09 16:59:35,253 - INFO - [nodemqtt_2.py:583] EDGE 수신 : rep cls ctrlinfo N H TRAC000001 
2025-04-09 16:59:35,469 - INFO - [nodemqtt_2.py:582] %%%%%%%%%%%%%%%%%%%%%%%%% Edgesocket -> nodemqtt delay_time: 157.08ms , (2025-04-09 16:59:35.469551 - 2025-04-09 16:59:35.312471)
2025-04-09 16:59:35,470 - INFO - [nodemqtt_2.py:583] EDGE 수신 : rep vehicle location N H TRAC000001 
2025-04-09 16:59:35,685 - INFO - [nodemqtt_2.py:582] %%%%%%%%%%%%%%%%%%%%%%%%% Edgesocket -> nodemqtt delay_time: 157.115ms , (2025-04-09 16:59:35.685063 - 2025-04-09 16:59:35.527948)
2025-04-09 16:59:35,685 - INFO - [nodemqtt_2.py:583] EDGE 수신 : rep status info N H TRAC000001 
2025-04-09 16:59:35,906 - INFO - [nodemqtt_2.py:582] %%%%%%%%%%%%%%%%%%%%%%%%% Edgesocket -> nodemqtt delay_time: 157.566ms , (2025-04-09 16:59:35.906270 - 2025-04-09 16:59:35.748704)
2025-04-09 16:59:35,906 - INFO - [nodemqtt_2.py:583] EDGE 수신 : rep cls ctrlinfo N H TRAC000001 
2025-04-09 16:59:36,019 - INFO - [nodemqtt_2.py:545] ************** work_doing_monitor ******************** {"accel": "100.000000", "batteryRemainingCapacity": "59", "batteryTemperature": "0", "batteryVoltage": "0", "brake": "0.000000", "brakeStatus": "59", "brakeType": "0", "drivingDistance": "0.01", "emergencyLight": "1", "loadCapacity": "20.0", "mdpsAngle": "-16.000000", "transmission": "3", "turnSignal": "1", "wheelSpeed": "3.055556", "workRate": "20.0", "yawRate": "0.000000", "heading": "89.193802", "latitude": "36.610392", "longitude": "127.288136", "speed": "11.000000"}
2025-04-09 16:59:36,113 - INFO - [nodemqtt_2.py:582] %%%%%%%%%%%%%%%%%%%%%%%%% Edgesocket -> nodemqtt delay_time: 156.881ms , (2025-04-09 16:59:36.113063 - 2025-04-09 16:59:35.956182)
2025-04-09 16:59:36,113 - INFO - [nodemqtt_2.py:583] EDGE 수신 : rep vehicle location N H TRAC000001 
2025-04-09 16:59:36,329 - INFO - [nodemqtt_2.py:582] %%%%%%%%%%%%%%%%%%%%%%%%% Edgesocket -> nodemqtt delay_time: 156.912ms , (2025-04-09 16:59:36.329407 - 2025-04-09 16:59:36.172495)
2025-04-09 16:59:36,329 - INFO - [nodemqtt_2.py:583] EDGE 수신 : rep status info N H TRAC000001 
2025-04-09 16:59:36,545 - INFO - [nodemqtt_2.py:582] %%%%%%%%%%%%%%%%%%%%%%%%% Edgesocket -> nodemqtt delay_time: 157.514ms , (2025-04-09 16:59:36.545707 - 2025-04-09 16:59:36.388193)
2025-04-09 16:59:36,546 - INFO - [nodemqtt_2.py:583] EDGE 수신 : rep cls ctrlinfo N H TRAC000001 
2025-04-09 16:59:36,760 - INFO - [nodemqtt_2.py:582] %%%%%%%%%%%%%%%%%%%%%%%%% Edgesocket -> nodemqtt delay_time: 156.628ms , (2025-04-09 16:59:36.760082 - 2025-04-09 16:59:36.603454)
2025-04-09 16:59:36,760 - INFO - [nodemqtt_2.py:583] EDGE 수신 : rep vehicle location N H TRAC000001 
2025-04-09 16:59:36,977 - INFO - [nodemqtt_2.py:582] %%%%%%%%%%%%%%%%%%%%%%%%% Edgesocket -> nodemqtt delay_time: 158.173ms , (2025-04-09 16:59:36.977109 - 2025-04-09 16:59:36.818936)
2025-04-09 16:59:36,977 - INFO - [nodemqtt_2.py:583] EDGE 수신 : rep status info N H TRAC000001 
2025-04-09 16:59:37,021 - INFO - [nodemqtt_2.py:545] ************** work_doing_monitor ******************** {"accel": "100.000000", "batteryRemainingCapacity": "59", "batteryTemperature": "0", "batteryVoltage": "0", "brake": "0.000000", "brakeStatus": "59", "brakeType": "0", "drivingDistance": "0.01", "emergencyLight": "1", "loadCapacity": "20.0", "mdpsAngle": "-18.000000", "transmission": "3", "turnSignal": "1", "wheelSpeed": "2.777778", "workRate": "20.0", "yawRate": "0.000000", "heading": "89.010696", "latitude": "36.610391", "longitude": "127.288118", "speed": "10.000000"}
2025-04-09 16:59:37,192 - INFO - [nodemqtt_2.py:582] %%%%%%%%%%%%%%%%%%%%%%%%% Edgesocket -> nodemqtt delay_time: 156.82ms , (2025-04-09 16:59:37.192472 - 2025-04-09 16:59:37.035652)
2025-04-09 16:59:37,193 - INFO - [nodemqtt_2.py:583] EDGE 수신 : rep cls ctrlinfo N H TRAC000001 
2025-04-09 16:59:37,407 - INFO - [nodemqtt_2.py:582] %%%%%%%%%%%%%%%%%%%%%%%%% Edgesocket -> nodemqtt delay_time: 157.649ms , (2025-04-09 16:59:37.406734 - 2025-04-09 16:59:37.249085)
2025-04-09 16:59:37,407 - INFO - [nodemqtt_2.py:583] EDGE 수신 : rep vehicle location N H TRAC000001 
2025-04-09 16:59:37,620 - INFO - [nodemqtt_2.py:582] %%%%%%%%%%%%%%%%%%%%%%%%% Edgesocket -> nodemqtt delay_time: 157.538ms , (2025-04-09 16:59:37.620204 - 2025-04-09 16:59:37.462666)
2025-04-09 16:59:37,620 - INFO - [nodemqtt_2.py:583] EDGE 수신 : rep status info N H TRAC000001 
2025-04-09 16:59:37,832 - INFO - [nodemqtt_2.py:582] %%%%%%%%%%%%%%%%%%%%%%%%% Edgesocket -> nodemqtt delay_time: 157.258ms , (2025-04-09 16:59:37.832112 - 2025-04-09 16:59:37.674854)
2025-04-09 16:59:37,832 - INFO - [nodemqtt_2.py:583] EDGE 수신 : rep cls ctrlinfo N H TRAC000001 
2025-04-09 16:59:38,025 - INFO - [nodemqtt_2.py:545] ************** work_doing_monitor ******************** {"accel": "100.000000", "batteryRemainingCapacity": "58", "batteryTemperature": "0", "batteryVoltage": "0", "brake": "0.000000", "brakeStatus": "58", "brakeType": "0", "drivingDistance": "0.01", "emergencyLight": "1", "loadCapacity": "20.0", "mdpsAngle": "-21.000000", "transmission": "3", "turnSignal": "1", "wheelSpeed": "2.777778", "workRate": "20.0", "yawRate": "0.000000", "heading": "89.072197", "latitude": "36.610391", "longitude": "127.288110", "speed": "10.000000"}
2025-04-09 16:59:38,045 - INFO - [nodemqtt_2.py:582] %%%%%%%%%%%%%%%%%%%%%%%%% Edgesocket -> nodemqtt delay_time: 157.497ms , (2025-04-09 16:59:38.045305 - 2025-04-09 16:59:37.887808)
2025-04-09 16:59:38,045 - INFO - [nodemqtt_2.py:583] EDGE 수신 : rep vehicle location N H TRAC000001 
2025-04-09 16:59:38,260 - INFO - [nodemqtt_2.py:582] %%%%%%%%%%%%%%%%%%%%%%%%% Edgesocket -> nodemqtt delay_time: 157.109ms , (2025-04-09 16:59:38.260464 - 2025-04-09 16:59:38.103355)
2025-04-09 16:59:38,261 - INFO - [nodemqtt_2.py:583] EDGE 수신 : rep status info N H TRAC000001 
2025-04-09 16:59:38,474 - INFO - [nodemqtt_2.py:582] %%%%%%%%%%%%%%%%%%%%%%%%% Edgesocket -> nodemqtt delay_time: 156.955ms , (2025-04-09 16:59:38.474699 - 2025-04-09 16:59:38.317744)
2025-04-09 16:59:38,475 - INFO - [nodemqtt_2.py:583] EDGE 수신 : rep cls ctrlinfo N H TRAC000001 
2025-04-09 16:59:38,692 - INFO - [nodemqtt_2.py:582] %%%%%%%%%%%%%%%%%%%%%%%%% Edgesocket -> nodemqtt delay_time: 158.537ms , (2025-04-09 16:59:38.691950 - 2025-04-09 16:59:38.533413)
2025-04-09 16:59:38,692 - INFO - [nodemqtt_2.py:583] EDGE 수신 : rep vehicle location N H TRAC000001 
2025-04-09 16:59:38,906 - INFO - [nodemqtt_2.py:582] %%%%%%%%%%%%%%%%%%%%%%%%% Edgesocket -> nodemqtt delay_time: 158.045ms , (2025-04-09 16:59:38.906526 - 2025-04-09 16:59:38.748481)
2025-04-09 16:59:38,907 - INFO - [nodemqtt_2.py:583] EDGE 수신 : rep status info N H TRAC000001 
2025-04-09 16:59:39,029 - INFO - [nodemqtt_2.py:545] ************** work_doing_monitor ******************** {"accel": "100.000000", "batteryRemainingCapacity": "58", "batteryTemperature": "0", "batteryVoltage": "0", "brake": "0.000000", "brakeStatus": "58", "brakeType": "0", "drivingDistance": "0.01", "emergencyLight": "1", "loadCapacity": "20.0", "mdpsAngle": "-27.000000", "transmission": "3", "turnSignal": "1", "wheelSpeed": "2.777778", "workRate": "20.0", "yawRate": "0.000000", "heading": "88.817902", "latitude": "36.610390", "longitude": "127.288090", "speed": "10.000000"}
2025-04-09 16:59:39,121 - INFO - [nodemqtt_2.py:582] %%%%%%%%%%%%%%%%%%%%%%%%% Edgesocket -> nodemqtt delay_time: 156.894ms , (2025-04-09 16:59:39.120752 - 2025-04-09 16:59:38.963858)
2025-04-09 16:59:39,121 - INFO - [nodemqtt_2.py:583] EDGE 수신 : rep cls ctrlinfo N H TRAC000001 
2025-04-09 16:59:39,337 - INFO - [nodemqtt_2.py:582] %%%%%%%%%%%%%%%%%%%%%%%%% Edgesocket -> nodemqtt delay_time: 157.297ms , (2025-04-09 16:59:39.336845 - 2025-04-09 16:59:39.179548)
2025-04-09 16:59:39,337 - INFO - [nodemqtt_2.py:583] EDGE 수신 : rep vehicle location N H TRAC000001 
2025-04-09 16:59:39,553 - INFO - [nodemqtt_2.py:582] %%%%%%%%%%%%%%%%%%%%%%%%% Edgesocket -> nodemqtt delay_time: 159.038ms , (2025-04-09 16:59:39.553184 - 2025-04-09 16:59:39.394146)
2025-04-09 16:59:39,553 - INFO - [nodemqtt_2.py:583] EDGE 수신 : rep status info N H TRAC000001 
2025-04-09 16:59:39,766 - INFO - [nodemqtt_2.py:582] %%%%%%%%%%%%%%%%%%%%%%%%% Edgesocket -> nodemqtt delay_time: 156.642ms , (2025-04-09 16:59:39.766034 - 2025-04-09 16:59:39.609392)
2025-04-09 16:59:39,766 - INFO - [nodemqtt_2.py:583] EDGE 수신 : rep cls ctrlinfo N H TRAC000001 
2025-04-09 16:59:39,985 - INFO - [nodemqtt_2.py:582] %%%%%%%%%%%%%%%%%%%%%%%%% Edgesocket -> nodemqtt delay_time: 159.219ms , (2025-04-09 16:59:39.984978 - 2025-04-09 16:59:39.825759)
2025-04-09 16:59:39,985 - INFO - [nodemqtt_2.py:583] EDGE 수신 : rep vehicle location N H TRAC000001 
2025-04-09 16:59:40,034 - INFO - [nodemqtt_2.py:545] ************** work_doing_monitor ******************** {"accel": "100.000000", "batteryRemainingCapacity": "58", "batteryTemperature": "0", "batteryVoltage": "0", "brake": "0.000000", "brakeStatus": "58", "brakeType": "0", "drivingDistance": "0.01", "emergencyLight": "1", "loadCapacity": "20.0", "mdpsAngle": "-41.000000", "transmission": "3", "turnSignal": "1", "wheelSpeed": "3.055556", "workRate": "20.0", "yawRate": "0.000000", "heading": "88.882896", "latitude": "36.610389", "longitude": "127.288074", "speed": "12.000000"}
2025-04-09 16:59:40,198 - INFO - [nodemqtt_2.py:582] %%%%%%%%%%%%%%%%%%%%%%%%% Edgesocket -> nodemqtt delay_time: 156.971ms , (2025-04-09 16:59:40.197911 - 2025-04-09 16:59:40.040940)
2025-04-09 16:59:40,198 - INFO - [nodemqtt_2.py:583] EDGE 수신 : rep status info N H TRAC000001 
2025-04-09 16:59:40,415 - INFO - [nodemqtt_2.py:582] %%%%%%%%%%%%%%%%%%%%%%%%% Edgesocket -> nodemqtt delay_time: 157.887ms , (2025-04-09 16:59:40.415470 - 2025-04-09 16:59:40.257583)
2025-04-09 16:59:40,416 - INFO - [nodemqtt_2.py:583] EDGE 수신 : rep cls ctrlinfo N H TRAC000001 
2025-04-09 16:59:40,628 - INFO - [nodemqtt_2.py:582] %%%%%%%%%%%%%%%%%%%%%%%%% Edgesocket -> nodemqtt delay_time: 156.276ms , (2025-04-09 16:59:40.628508 - 2025-04-09 16:59:40.472232)
2025-04-09 16:59:40,628 - INFO - [nodemqtt_2.py:583] EDGE 수신 : rep vehicle location N H TRAC000001 
2025-04-09 16:59:40,844 - INFO - [nodemqtt_2.py:582] %%%%%%%%%%%%%%%%%%%%%%%%% Edgesocket -> nodemqtt delay_time: 156.532ms , (2025-04-09 16:59:40.844711 - 2025-04-09 16:59:40.688179)
2025-04-09 16:59:40,845 - INFO - [nodemqtt_2.py:583] EDGE 수신 : rep status info N H TRAC000001 
2025-04-09 16:59:41,038 - INFO - [nodemqtt_2.py:545] ************** work_doing_monitor ******************** {"accel": "100.000000", "batteryRemainingCapacity": "58", "batteryTemperature": "0", "batteryVoltage": "0", "brake": "0.000000", "brakeStatus": "58", "brakeType": "0", "drivingDistance": "0.01", "emergencyLight": "1", "loadCapacity": "20.0", "mdpsAngle": "-55.000000", "transmission": "3", "turnSignal": "1", "wheelSpeed": "3.333333", "workRate": "20.0", "yawRate": "0.000000", "heading": "88.759903", "latitude": "36.610388", "longitude": "127.288064", "speed": "12.000000"}
2025-04-09 16:59:41,056 - INFO - [nodemqtt_2.py:582] %%%%%%%%%%%%%%%%%%%%%%%%% Edgesocket -> nodemqtt delay_time: 156.521ms , (2025-04-09 16:59:41.056396 - 2025-04-09 16:59:40.899875)
2025-04-09 16:59:41,056 - INFO - [nodemqtt_2.py:583] EDGE 수신 : rep cls ctrlinfo N H TRAC000001 
2025-04-09 16:59:41,273 - INFO - [nodemqtt_2.py:582] %%%%%%%%%%%%%%%%%%%%%%%%% Edgesocket -> nodemqtt delay_time: 156.86ms , (2025-04-09 16:59:41.273428 - 2025-04-09 16:59:41.116568)
2025-04-09 16:59:41,273 - INFO - [nodemqtt_2.py:583] EDGE 수신 : rep vehicle location N H TRAC000001 
2025-04-09 16:59:41,488 - INFO - [nodemqtt_2.py:582] %%%%%%%%%%%%%%%%%%%%%%%%% Edgesocket -> nodemqtt delay_time: 156.834ms , (2025-04-09 16:59:41.488255 - 2025-04-09 16:59:41.331421)
2025-04-09 16:59:41,488 - INFO - [nodemqtt_2.py:583] EDGE 수신 : rep status info N H TRAC000001 
2025-04-09 16:59:41,702 - INFO - [nodemqtt_2.py:582] %%%%%%%%%%%%%%%%%%%%%%%%% Edgesocket -> nodemqtt delay_time: 157.101ms , (2025-04-09 16:59:41.702300 - 2025-04-09 16:59:41.545199)
2025-04-09 16:59:41,702 - INFO - [nodemqtt_2.py:583] EDGE 수신 : rep cls ctrlinfo N H TRAC000001 
2025-04-09 16:59:41,919 - INFO - [nodemqtt_2.py:582] %%%%%%%%%%%%%%%%%%%%%%%%% Edgesocket -> nodemqtt delay_time: 157.796ms , (2025-04-09 16:59:41.918981 - 2025-04-09 16:59:41.761185)
2025-04-09 16:59:41,919 - INFO - [nodemqtt_2.py:583] EDGE 수신 : rep vehicle location N H TRAC000001 
2025-04-09 16:59:42,041 - INFO - [nodemqtt_2.py:545] ************** work_doing_monitor ******************** {"accel": "100.000000", "batteryRemainingCapacity": "58", "batteryTemperature": "0", "batteryVoltage": "0", "brake": "0.000000", "brakeStatus": "58", "brakeType": "0", "drivingDistance": "0.01", "emergencyLight": "1", "loadCapacity": "20.0", "mdpsAngle": "-63.000000", "transmission": "3", "turnSignal": "1", "wheelSpeed": "3.333333", "workRate": "20.0", "yawRate": "0.000000", "heading": "88.748001", "latitude": "36.610387", "longitude": "127.288045", "speed": "13.000000"}
2025-04-09 16:59:42,133 - INFO - [nodemqtt_2.py:582] %%%%%%%%%%%%%%%%%%%%%%%%% Edgesocket -> nodemqtt delay_time: 156.892ms , (2025-04-09 16:59:42.133669 - 2025-04-09 16:59:41.976777)
2025-04-09 16:59:42,134 - INFO - [nodemqtt_2.py:583] EDGE 수신 : rep status info N H TRAC000001 
2025-04-09 16:59:42,349 - INFO - [nodemqtt_2.py:582] %%%%%%%%%%%%%%%%%%%%%%%%% Edgesocket -> nodemqtt delay_time: 157.2ms , (2025-04-09 16:59:42.349511 - 2025-04-09 16:59:42.192311)
2025-04-09 16:59:42,349 - INFO - [nodemqtt_2.py:583] EDGE 수신 : rep cls ctrlinfo N H TRAC000001 
2025-04-09 16:59:42,563 - INFO - [nodemqtt_2.py:582] %%%%%%%%%%%%%%%%%%%%%%%%% Edgesocket -> nodemqtt delay_time: 156.995ms , (2025-04-09 16:59:42.563356 - 2025-04-09 16:59:42.406361)
2025-04-09 16:59:42,563 - INFO - [nodemqtt_2.py:583] EDGE 수신 : rep vehicle location N H TRAC000001 
2025-04-09 16:59:42,778 - INFO - [nodemqtt_2.py:582] %%%%%%%%%%%%%%%%%%%%%%%%% Edgesocket -> nodemqtt delay_time: 158.03ms , (2025-04-09 16:59:42.778450 - 2025-04-09 16:59:42.620420)
2025-04-09 16:59:42,778 - INFO - [nodemqtt_2.py:583] EDGE 수신 : rep status info N H TRAC000001 
2025-04-09 16:59:42,979 - INFO - [nodemqtt_2.py:582] %%%%%%%%%%%%%%%%%%%%%%%%% Edgesocket -> nodemqtt delay_time: 156.405ms , (2025-04-09 16:59:42.979360 - 2025-04-09 16:59:42.822955)
2025-04-09 16:59:42,979 - INFO - [nodemqtt_2.py:583] EDGE 수신 : rep cls ctrlinfo N H TRAC000001 
2025-04-09 16:59:43,044 - INFO - [nodemqtt_2.py:545] ************** work_doing_monitor ******************** {"accel": "100.000000", "batteryRemainingCapacity": "58", "batteryTemperature": "0", "batteryVoltage": "0", "brake": "0.000000", "brakeStatus": "58", "brakeType": "0", "drivingDistance": "0.01", "emergencyLight": "1", "loadCapacity": "20.0", "mdpsAngle": "-65.000000", "transmission": "3", "turnSignal": "1", "wheelSpeed": "3.611111", "workRate": "20.0", "yawRate": "0.000000", "heading": "88.609001", "latitude": "36.610386", "longitude": "127.288036", "speed": "13.000000"}
2025-04-09 16:59:43,193 - INFO - [nodemqtt_2.py:582] %%%%%%%%%%%%%%%%%%%%%%%%% Edgesocket -> nodemqtt delay_time: 155.244ms , (2025-04-09 16:59:43.193754 - 2025-04-09 16:59:43.038510)
2025-04-09 16:59:43,194 - INFO - [nodemqtt_2.py:583] EDGE 수신 : rep vehicle location N H TRAC000001 
2025-04-09 16:59:43,412 - INFO - [nodemqtt_2.py:582] %%%%%%%%%%%%%%%%%%%%%%%%% Edgesocket -> nodemqtt delay_time: 156.68ms , (2025-04-09 16:59:43.411795 - 2025-04-09 16:59:43.255115)
2025-04-09 16:59:43,412 - INFO - [nodemqtt_2.py:583] EDGE 수신 : rep status info N H TRAC000001 
2025-04-09 16:59:43,627 - INFO - [nodemqtt_2.py:582] %%%%%%%%%%%%%%%%%%%%%%%%% Edgesocket -> nodemqtt delay_time: 156.988ms , (2025-04-09 16:59:43.627250 - 2025-04-09 16:59:43.470262)
2025-04-09 16:59:43,627 - INFO - [nodemqtt_2.py:583] EDGE 수신 : rep cls ctrlinfo N H TRAC000001 
2025-04-09 16:59:43,840 - INFO - [nodemqtt_2.py:582] %%%%%%%%%%%%%%%%%%%%%%%%% Edgesocket -> nodemqtt delay_time: 156.65ms , (2025-04-09 16:59:43.840366 - 2025-04-09 16:59:43.683716)
2025-04-09 16:59:43,840 - INFO - [nodemqtt_2.py:583] EDGE 수신 : rep vehicle location N H TRAC000001 
2025-04-09 16:59:44,046 - INFO - [nodemqtt_2.py:545] ************** work_doing_monitor ******************** {"accel": "100.000000", "batteryRemainingCapacity": "58", "batteryTemperature": "0", "batteryVoltage": "0", "brake": "0.000000", "brakeStatus": "58", "brakeType": "0", "drivingDistance": "0.01", "emergencyLight": "1", "loadCapacity": "20.0", "mdpsAngle": "-65.000000", "transmission": "3", "turnSignal": "1", "wheelSpeed": "3.888889", "workRate": "20.0", "yawRate": "0.000000", "heading": "89.216103", "latitude": "36.610385", "longitude": "127.288018", "speed": "14.000000"}
2025-04-09 16:59:44,055 - INFO - [nodemqtt_2.py:582] %%%%%%%%%%%%%%%%%%%%%%%%% Edgesocket -> nodemqtt delay_time: 156.942ms , (2025-04-09 16:59:44.055323 - 2025-04-09 16:59:43.898381)
2025-04-09 16:59:44,055 - INFO - [nodemqtt_2.py:583] EDGE 수신 : rep status info N H TRAC000001 
2025-04-09 16:59:44,270 - INFO - [nodemqtt_2.py:582] %%%%%%%%%%%%%%%%%%%%%%%%% Edgesocket -> nodemqtt delay_time: 156.93ms , (2025-04-09 16:59:44.270705 - 2025-04-09 16:59:44.113775)
2025-04-09 16:59:44,271 - INFO - [nodemqtt_2.py:583] EDGE 수신 : rep cls ctrlinfo N H TRAC000001 
2025-04-09 16:59:44,482 - INFO - [nodemqtt_2.py:582] %%%%%%%%%%%%%%%%%%%%%%%%% Edgesocket -> nodemqtt delay_time: 155.787ms , (2025-04-09 16:59:44.482755 - 2025-04-09 16:59:44.326968)
2025-04-09 16:59:44,483 - INFO - [nodemqtt_2.py:583] EDGE 수신 : rep vehicle location N H TRAC000001 
2025-04-09 16:59:44,700 - INFO - [nodemqtt_2.py:582] %%%%%%%%%%%%%%%%%%%%%%%%% Edgesocket -> nodemqtt delay_time: 157.248ms , (2025-04-09 16:59:44.699949 - 2025-04-09 16:59:44.542701)
2025-04-09 16:59:44,700 - INFO - [nodemqtt_2.py:583] EDGE 수신 : rep status info N H TRAC000001 
2025-04-09 16:59:44,913 - INFO - [nodemqtt_2.py:582] %%%%%%%%%%%%%%%%%%%%%%%%% Edgesocket -> nodemqtt delay_time: 157.304ms , (2025-04-09 16:59:44.913325 - 2025-04-09 16:59:44.756021)
2025-04-09 16:59:44,913 - INFO - [nodemqtt_2.py:583] EDGE 수신 : rep cls ctrlinfo N H TRAC000001 
2025-04-09 16:59:45,050 - INFO - [nodemqtt_2.py:545] ************** work_doing_monitor ******************** {"accel": "100.000000", "batteryRemainingCapacity": "58", "batteryTemperature": "0", "batteryVoltage": "0", "brake": "0.000000", "brakeStatus": "58", "brakeType": "0", "drivingDistance": "0.01", "emergencyLight": "1", "loadCapacity": "20.0", "mdpsAngle": "-37.000000", "transmission": "3", "turnSignal": "1", "wheelSpeed": "4.166667", "workRate": "20.0", "yawRate": "0.000000", "heading": "89.089699", "latitude": "36.610384", "longitude": "127.288010", "speed": "14.999999"}
2025-04-09 16:59:45,128 - INFO - [nodemqtt_2.py:582] %%%%%%%%%%%%%%%%%%%%%%%%% Edgesocket -> nodemqtt delay_time: 156.887ms , (2025-04-09 16:59:45.128238 - 2025-04-09 16:59:44.971351)
2025-04-09 16:59:45,128 - INFO - [nodemqtt_2.py:583] EDGE 수신 : rep vehicle location N H TRAC000001 
2025-04-09 16:59:45,340 - INFO - [nodemqtt_2.py:582] %%%%%%%%%%%%%%%%%%%%%%%%% Edgesocket -> nodemqtt delay_time: 155.893ms , (2025-04-09 16:59:45.340375 - 2025-04-09 16:59:45.184482)
2025-04-09 16:59:45,340 - INFO - [nodemqtt_2.py:583] EDGE 수신 : rep status info N H TRAC000001 
2025-04-09 16:59:45,556 - INFO - [nodemqtt_2.py:582] %%%%%%%%%%%%%%%%%%%%%%%%% Edgesocket -> nodemqtt delay_time: 158.494ms , (2025-04-09 16:59:45.556622 - 2025-04-09 16:59:45.398128)
2025-04-09 16:59:45,557 - INFO - [nodemqtt_2.py:583] EDGE 수신 : rep cls ctrlinfo N H TRAC000001 
2025-04-09 16:59:45,769 - INFO - [nodemqtt_2.py:582] %%%%%%%%%%%%%%%%%%%%%%%%% Edgesocket -> nodemqtt delay_time: 157.259ms , (2025-04-09 16:59:45.769392 - 2025-04-09 16:59:45.612133)
2025-04-09 16:59:45,769 - INFO - [nodemqtt_2.py:583] EDGE 수신 : rep vehicle location N H TRAC000001 
2025-04-09 16:59:45,983 - INFO - [nodemqtt_2.py:582] %%%%%%%%%%%%%%%%%%%%%%%%% Edgesocket -> nodemqtt delay_time: 155.221ms , (2025-04-09 16:59:45.983018 - 2025-04-09 16:59:45.827797)
2025-04-09 16:59:45,983 - INFO - [nodemqtt_2.py:583] EDGE 수신 : rep status info N H TRAC000001 
2025-04-09 16:59:46,054 - INFO - [nodemqtt_2.py:545] ************** work_doing_monitor ******************** {"accel": "100.000000", "batteryRemainingCapacity": "58", "batteryTemperature": "0", "batteryVoltage": "0", "brake": "0.000000", "brakeStatus": "58", "brakeType": "0", "drivingDistance": "0.01", "emergencyLight": "1", "loadCapacity": "20.0", "mdpsAngle": "5.000000", "transmission": "3", "turnSignal": "1", "wheelSpeed": "4.166667", "workRate": "20.0", "yawRate": "0.000000", "heading": "90.599297", "latitude": "36.610384", "longitude": "127.287989", "speed": "14.999999"}
2025-04-09 16:59:46,199 - INFO - [nodemqtt_2.py:582] %%%%%%%%%%%%%%%%%%%%%%%%% Edgesocket -> nodemqtt delay_time: 156.456ms , (2025-04-09 16:59:46.199576 - 2025-04-09 16:59:46.043120)
2025-04-09 16:59:46,200 - INFO - [nodemqtt_2.py:583] EDGE 수신 : rep cls ctrlinfo N H TRAC000001 
2025-04-09 16:59:46,413 - INFO - [nodemqtt_2.py:582] %%%%%%%%%%%%%%%%%%%%%%%%% Edgesocket -> nodemqtt delay_time: 156.65ms , (2025-04-09 16:59:46.412840 - 2025-04-09 16:59:46.256190)
2025-04-09 16:59:46,413 - INFO - [nodemqtt_2.py:583] EDGE 수신 : rep vehicle location N H TRAC000001 
2025-04-09 16:59:46,626 - INFO - [nodemqtt_2.py:582] %%%%%%%%%%%%%%%%%%%%%%%%% Edgesocket -> nodemqtt delay_time: 156.604ms , (2025-04-09 16:59:46.626301 - 2025-04-09 16:59:46.469697)
2025-04-09 16:59:46,626 - INFO - [nodemqtt_2.py:583] EDGE 수신 : rep status info N H TRAC000001 
2025-04-09 16:59:46,840 - INFO - [nodemqtt_2.py:582] %%%%%%%%%%%%%%%%%%%%%%%%% Edgesocket -> nodemqtt delay_time: 156.817ms , (2025-04-09 16:59:46.840536 - 2025-04-09 16:59:46.683719)
2025-04-09 16:59:46,841 - INFO - [nodemqtt_2.py:583] EDGE 수신 : rep cls ctrlinfo N H TRAC000001 
2025-04-09 16:59:47,052 - INFO - [nodemqtt_2.py:582] %%%%%%%%%%%%%%%%%%%%%%%%% Edgesocket -> nodemqtt delay_time: 154.792ms , (2025-04-09 16:59:47.052014 - 2025-04-09 16:59:46.897222)
2025-04-09 16:59:47,052 - INFO - [nodemqtt_2.py:583] EDGE 수신 : rep vehicle location N H TRAC000001 
2025-04-09 16:59:47,056 - INFO - [nodemqtt_2.py:545] ************** work_doing_monitor ******************** {"accel": "100.000000", "batteryRemainingCapacity": "58", "batteryTemperature": "0", "batteryVoltage": "0", "brake": "0.000000", "brakeStatus": "58", "brakeType": "0", "drivingDistance": "0.01", "emergencyLight": "1", "loadCapacity": "20.0", "mdpsAngle": "19.000000", "transmission": "3", "turnSignal": "1", "wheelSpeed": "4.166667", "workRate": "20.0", "yawRate": "0.000000", "heading": "93.856903", "latitude": "36.610384", "longitude": "127.287969", "speed": "14.999999"}
2025-04-09 16:59:47,268 - INFO - [nodemqtt_2.py:582] %%%%%%%%%%%%%%%%%%%%%%%%% Edgesocket -> nodemqtt delay_time: 156.209ms , (2025-04-09 16:59:47.268493 - 2025-04-09 16:59:47.112284)
2025-04-09 16:59:47,269 - INFO - [nodemqtt_2.py:583] EDGE 수신 : rep status info N H TRAC000001 
2025-04-09 16:59:47,484 - INFO - [nodemqtt_2.py:582] %%%%%%%%%%%%%%%%%%%%%%%%% Edgesocket -> nodemqtt delay_time: 156.323ms , (2025-04-09 16:59:47.484718 - 2025-04-09 16:59:47.328395)
2025-04-09 16:59:47,485 - INFO - [nodemqtt_2.py:583] EDGE 수신 : rep cls ctrlinfo N H TRAC000001 
2025-04-09 16:59:47,700 - INFO - [nodemqtt_2.py:582] %%%%%%%%%%%%%%%%%%%%%%%%% Edgesocket -> nodemqtt delay_time: 156.023ms , (2025-04-09 16:59:47.700376 - 2025-04-09 16:59:47.544353)
2025-04-09 16:59:47,700 - INFO - [nodemqtt_2.py:583] EDGE 수신 : rep vehicle location N H TRAC000001 
2025-04-09 16:59:47,916 - INFO - [nodemqtt_2.py:582] %%%%%%%%%%%%%%%%%%%%%%%%% Edgesocket -> nodemqtt delay_time: 157.483ms , (2025-04-09 16:59:47.916734 - 2025-04-09 16:59:47.759251)
2025-04-09 16:59:47,917 - INFO - [nodemqtt_2.py:583] EDGE 수신 : rep status info N H TRAC000001 
2025-04-09 16:59:48,058 - INFO - [nodemqtt_2.py:545] ************** work_doing_monitor ******************** {"accel": "100.000000", "batteryRemainingCapacity": "58", "batteryTemperature": "0", "batteryVoltage": "0", "brake": "0.000000", "brakeStatus": "58", "brakeType": "0", "drivingDistance": "0.01", "emergencyLight": "1", "loadCapacity": "20.0", "mdpsAngle": "48.000000", "transmission": "3", "turnSignal": "1", "wheelSpeed": "4.166667", "workRate": "20.0", "yawRate": "0.000000", "heading": "95.959602", "latitude": "36.610385", "longitude": "127.287959", "speed": "14.999999"}
2025-04-09 16:59:48,130 - INFO - [nodemqtt_2.py:582] %%%%%%%%%%%%%%%%%%%%%%%%% Edgesocket -> nodemqtt delay_time: 155.912ms , (2025-04-09 16:59:48.130122 - 2025-04-09 16:59:47.974210)
2025-04-09 16:59:48,130 - INFO - [nodemqtt_2.py:583] EDGE 수신 : rep cls ctrlinfo N H TRAC000001 
2025-04-09 16:59:48,345 - INFO - [nodemqtt_2.py:582] %%%%%%%%%%%%%%%%%%%%%%%%% Edgesocket -> nodemqtt delay_time: 157.214ms , (2025-04-09 16:59:48.345760 - 2025-04-09 16:59:48.188546)
2025-04-09 16:59:48,346 - INFO - [nodemqtt_2.py:583] EDGE 수신 : rep vehicle location N H TRAC000001 
2025-04-09 16:59:48,560 - INFO - [nodemqtt_2.py:582] %%%%%%%%%%%%%%%%%%%%%%%%% Edgesocket -> nodemqtt delay_time: 156.471ms , (2025-04-09 16:59:48.559880 - 2025-04-09 16:59:48.403409)
2025-04-09 16:59:48,560 - INFO - [nodemqtt_2.py:583] EDGE 수신 : rep status info N H TRAC000001 
2025-04-09 16:59:48,777 - INFO - [nodemqtt_2.py:582] %%%%%%%%%%%%%%%%%%%%%%%%% Edgesocket -> nodemqtt delay_time: 159.252ms , (2025-04-09 16:59:48.777139 - 2025-04-09 16:59:48.617887)
2025-04-09 16:59:48,778 - INFO - [nodemqtt_2.py:583] EDGE 수신 : rep cls ctrlinfo N H TRAC000001 
2025-04-09 16:59:48,988 - INFO - [nodemqtt_2.py:582] %%%%%%%%%%%%%%%%%%%%%%%%% Edgesocket -> nodemqtt delay_time: 155.888ms , (2025-04-09 16:59:48.988700 - 2025-04-09 16:59:48.832812)
2025-04-09 16:59:48,989 - INFO - [nodemqtt_2.py:583] EDGE 수신 : rep vehicle location N H TRAC000001 
2025-04-09 16:59:49,062 - INFO - [nodemqtt_2.py:545] ************** work_doing_monitor ******************** {"accel": "100.000000", "batteryRemainingCapacity": "58", "batteryTemperature": "0", "batteryVoltage": "0", "brake": "0.000000", "brakeStatus": "58", "brakeType": "0", "drivingDistance": "0.01", "emergencyLight": "1", "loadCapacity": "20.0", "mdpsAngle": "48.000000", "transmission": "3", "turnSignal": "1", "wheelSpeed": "4.444445", "workRate": "20.0", "yawRate": "0.000000", "heading": "100.387901", "latitude": "36.610387", "longitude": "127.287939", "speed": "16.000001"}
2025-04-09 16:59:49,206 - INFO - [nodemqtt_2.py:582] %%%%%%%%%%%%%%%%%%%%%%%%% Edgesocket -> nodemqtt delay_time: 157.925ms , (2025-04-09 16:59:49.206123 - 2025-04-09 16:59:49.048198)
2025-04-09 16:59:49,206 - INFO - [nodemqtt_2.py:583] EDGE 수신 : rep status info N H TRAC000001 
2025-04-09 16:59:49,420 - INFO - [nodemqtt_2.py:582] %%%%%%%%%%%%%%%%%%%%%%%%% Edgesocket -> nodemqtt delay_time: 157.064ms , (2025-04-09 16:59:49.419968 - 2025-04-09 16:59:49.262904)
2025-04-09 16:59:49,420 - INFO - [nodemqtt_2.py:583] EDGE 수신 : rep cls ctrlinfo N H TRAC000001 
2025-04-09 16:59:49,636 - INFO - [nodemqtt_2.py:582] %%%%%%%%%%%%%%%%%%%%%%%%% Edgesocket -> nodemqtt delay_time: 157.736ms , (2025-04-09 16:59:49.636221 - 2025-04-09 16:59:49.478485)
2025-04-09 16:59:49,636 - INFO - [nodemqtt_2.py:583] EDGE 수신 : rep vehicle location N H TRAC000001 
2025-04-09 16:59:49,849 - INFO - [nodemqtt_2.py:582] %%%%%%%%%%%%%%%%%%%%%%%%% Edgesocket -> nodemqtt delay_time: 155.881ms , (2025-04-09 16:59:49.849599 - 2025-04-09 16:59:49.693718)
2025-04-09 16:59:49,850 - INFO - [nodemqtt_2.py:583] EDGE 수신 : rep status info N H TRAC000001 
2025-04-09 16:59:50,065 - INFO - [nodemqtt_2.py:545] ************** work_doing_monitor ******************** {"accel": "100.000000", "batteryRemainingCapacity": "58", "batteryTemperature": "0", "batteryVoltage": "0", "brake": "0.000000", "brakeStatus": "58", "brakeType": "0", "drivingDistance": "0.01", "emergencyLight": "1", "loadCapacity": "20.0", "mdpsAngle": "40.000000", "transmission": "3", "turnSignal": "1", "wheelSpeed": "4.444445", "workRate": "20.0", "yawRate": "0.000000", "heading": "103.255898", "latitude": "36.610389", "longitude": "127.287931", "speed": "16.000001"}
2025-04-09 16:59:50,067 - INFO - [nodemqtt_2.py:582] %%%%%%%%%%%%%%%%%%%%%%%%% Edgesocket -> nodemqtt delay_time: 159.767ms , (2025-04-09 16:59:50.067249 - 2025-04-09 16:59:49.907482)
2025-04-09 16:59:50,067 - INFO - [nodemqtt_2.py:583] EDGE 수신 : rep cls ctrlinfo N H TRAC000001 
2025-04-09 16:59:50,277 - INFO - [nodemqtt_2.py:582] %%%%%%%%%%%%%%%%%%%%%%%%% Edgesocket -> nodemqtt delay_time: 155.9ms , (2025-04-09 16:59:50.277688 - 2025-04-09 16:59:50.121788)
2025-04-09 16:59:50,278 - INFO - [nodemqtt_2.py:583] EDGE 수신 : rep vehicle location N H TRAC000001 
2025-04-09 16:59:50,494 - INFO - [nodemqtt_2.py:582] %%%%%%%%%%%%%%%%%%%%%%%%% Edgesocket -> nodemqtt delay_time: 155.895ms , (2025-04-09 16:59:50.494366 - 2025-04-09 16:59:50.338471)
2025-04-09 16:59:50,494 - INFO - [nodemqtt_2.py:583] EDGE 수신 : rep status info N H TRAC000001 
2025-04-09 16:59:50,707 - INFO - [nodemqtt_2.py:582] %%%%%%%%%%%%%%%%%%%%%%%%% Edgesocket -> nodemqtt delay_time: 153.706ms , (2025-04-09 16:59:50.707009 - 2025-04-09 16:59:50.553303)
2025-04-09 16:59:50,707 - INFO - [nodemqtt_2.py:583] EDGE 수신 : rep cls ctrlinfo N H TRAC000001 
2025-04-09 16:59:50,913 - INFO - [nodemqtt_2.py:582] %%%%%%%%%%%%%%%%%%%%%%%%% Edgesocket -> nodemqtt delay_time: 157.73ms , (2025-04-09 16:59:50.913773 - 2025-04-09 16:59:50.756043)
2025-04-09 16:59:50,914 - INFO - [nodemqtt_2.py:583] EDGE 수신 : rep vehicle location N H TRAC000001 
2025-04-09 16:59:51,068 - INFO - [nodemqtt_2.py:545] ************** work_doing_monitor ******************** {"accel": "100.000000", "batteryRemainingCapacity": "58", "batteryTemperature": "0", "batteryVoltage": "0", "brake": "0.000000", "brakeStatus": "58", "brakeType": "0", "drivingDistance": "0.01", "emergencyLight": "1", "loadCapacity": "20.0", "mdpsAngle": "12.000000", "transmission": "3", "turnSignal": "1", "wheelSpeed": "4.444445", "workRate": "20.0", "yawRate": "0.000000", "heading": "109.620003", "latitude": "36.610394", "longitude": "127.287912", "speed": "16.000001"}
2025-04-09 16:59:51,127 - INFO - [nodemqtt_2.py:582] %%%%%%%%%%%%%%%%%%%%%%%%% Edgesocket -> nodemqtt delay_time: 156.896ms , (2025-04-09 16:59:51.127616 - 2025-04-09 16:59:50.970720)
2025-04-09 16:59:51,128 - INFO - [nodemqtt_2.py:583] EDGE 수신 : rep status info N H TRAC000001 
2025-04-09 16:59:51,342 - INFO - [nodemqtt_2.py:582] %%%%%%%%%%%%%%%%%%%%%%%%% Edgesocket -> nodemqtt delay_time: 156.797ms , (2025-04-09 16:59:51.342377 - 2025-04-09 16:59:51.185580)
2025-04-09 16:59:51,342 - INFO - [nodemqtt_2.py:583] EDGE 수신 : rep cls ctrlinfo N H TRAC000001 
2025-04-09 16:59:51,557 - INFO - [nodemqtt_2.py:582] %%%%%%%%%%%%%%%%%%%%%%%%% Edgesocket -> nodemqtt delay_time: 156.594ms , (2025-04-09 16:59:51.557406 - 2025-04-09 16:59:51.400812)
2025-04-09 16:59:51,557 - INFO - [nodemqtt_2.py:583] EDGE 수신 : rep vehicle location N H TRAC000001 
2025-04-09 16:59:51,774 - INFO - [nodemqtt_2.py:582] %%%%%%%%%%%%%%%%%%%%%%%%% Edgesocket -> nodemqtt delay_time: 156.486ms , (2025-04-09 16:59:51.774180 - 2025-04-09 16:59:51.617694)
2025-04-09 16:59:51,774 - INFO - [nodemqtt_2.py:583] EDGE 수신 : rep status info N H TRAC000001 
2025-04-09 16:59:51,987 - INFO - [nodemqtt_2.py:582] %%%%%%%%%%%%%%%%%%%%%%%%% Edgesocket -> nodemqtt delay_time: 155.03ms , (2025-04-09 16:59:51.987482 - 2025-04-09 16:59:51.832452)
2025-04-09 16:59:51,987 - INFO - [nodemqtt_2.py:583] EDGE 수신 : rep cls ctrlinfo N H TRAC000001 
2025-04-09 16:59:52,072 - INFO - [nodemqtt_2.py:545] ************** work_doing_monitor ******************** {"accel": "100.000000", "batteryRemainingCapacity": "58", "batteryTemperature": "0", "batteryVoltage": "0", "brake": "0.000000", "brakeStatus": "58", "brakeType": "0", "drivingDistance": "0.01", "emergencyLight": "1", "loadCapacity": "20.0", "mdpsAngle": "-8.000000", "transmission": "3", "turnSignal": "1", "wheelSpeed": "4.444445", "workRate": "20.0", "yawRate": "0.000000", "heading": "113.448402", "latitude": "36.610398", "longitude": "127.287905", "speed": "16.000001"}
2025-04-09 16:59:52,202 - INFO - [nodemqtt_2.py:582] %%%%%%%%%%%%%%%%%%%%%%%%% Edgesocket -> nodemqtt delay_time: 155.936ms , (2025-04-09 16:59:52.202275 - 2025-04-09 16:59:52.046339)
2025-04-09 16:59:52,202 - INFO - [nodemqtt_2.py:583] EDGE 수신 : rep vehicle location N H TRAC000001 
2025-04-09 16:59:52,417 - INFO - [nodemqtt_2.py:582] %%%%%%%%%%%%%%%%%%%%%%%%% Edgesocket -> nodemqtt delay_time: 156.45ms , (2025-04-09 16:59:52.417421 - 2025-04-09 16:59:52.260971)
2025-04-09 16:59:52,418 - INFO - [nodemqtt_2.py:583] EDGE 수신 : rep status info N H TRAC000001 
2025-04-09 16:59:52,632 - INFO - [nodemqtt_2.py:582] %%%%%%%%%%%%%%%%%%%%%%%%% Edgesocket -> nodemqtt delay_time: 156.246ms , (2025-04-09 16:59:52.632006 - 2025-04-09 16:59:52.475760)
2025-04-09 16:59:52,632 - INFO - [nodemqtt_2.py:583] EDGE 수신 : rep cls ctrlinfo N H TRAC000001 
2025-04-09 16:59:52,845 - INFO - [nodemqtt_2.py:582] %%%%%%%%%%%%%%%%%%%%%%%%% Edgesocket -> nodemqtt delay_time: 155.855ms , (2025-04-09 16:59:52.845317 - 2025-04-09 16:59:52.689462)
2025-04-09 16:59:52,845 - INFO - [nodemqtt_2.py:583] EDGE 수신 : rep vehicle location N H TRAC000001 
2025-04-09 16:59:53,046 - INFO - [nodemqtt_2.py:582] %%%%%%%%%%%%%%%%%%%%%%%%% Edgesocket -> nodemqtt delay_time: 155.506ms , (2025-04-09 16:59:53.045974 - 2025-04-09 16:59:52.890468)
2025-04-09 16:59:53,046 - INFO - [nodemqtt_2.py:583] EDGE 수신 : rep status info N H TRAC000001 
2025-04-09 16:59:53,074 - INFO - [nodemqtt_2.py:545] ************** work_doing_monitor ******************** {"accel": "100.000000", "batteryRemainingCapacity": "58", "batteryTemperature": "0", "batteryVoltage": "0", "brake": "0.000000", "brakeStatus": "58", "brakeType": "0", "drivingDistance": "0.01", "emergencyLight": "1", "loadCapacity": "20.0", "mdpsAngle": "-22.000000", "transmission": "3", "turnSignal": "1", "wheelSpeed": "4.444445", "workRate": "20.0", "yawRate": "0.000000", "heading": "120.764198", "latitude": "36.610405", "longitude": "127.287891", "speed": "16.000001"}
2025-04-09 16:59:53,264 - INFO - [nodemqtt_2.py:582] %%%%%%%%%%%%%%%%%%%%%%%%% Edgesocket -> nodemqtt delay_time: 155.637ms , (2025-04-09 16:59:53.264444 - 2025-04-09 16:59:53.108807)
2025-04-09 16:59:53,264 - INFO - [nodemqtt_2.py:583] EDGE 수신 : rep cls ctrlinfo N H TRAC000001 
2025-04-09 16:59:53,479 - INFO - [nodemqtt_2.py:582] %%%%%%%%%%%%%%%%%%%%%%%%% Edgesocket -> nodemqtt delay_time: 155.681ms , (2025-04-09 16:59:53.479511 - 2025-04-09 16:59:53.323830)
2025-04-09 16:59:53,480 - INFO - [nodemqtt_2.py:583] EDGE 수신 : rep vehicle location N H TRAC000001 
2025-04-09 16:59:53,693 - INFO - [nodemqtt_2.py:582] %%%%%%%%%%%%%%%%%%%%%%%%% Edgesocket -> nodemqtt delay_time: 155.816ms , (2025-04-09 16:59:53.692977 - 2025-04-09 16:59:53.537161)
2025-04-09 16:59:53,693 - INFO - [nodemqtt_2.py:583] EDGE 수신 : rep status info N H TRAC000001 
2025-04-09 16:59:53,907 - INFO - [nodemqtt_2.py:582] %%%%%%%%%%%%%%%%%%%%%%%%% Edgesocket -> nodemqtt delay_time: 156.777ms , (2025-04-09 16:59:53.906878 - 2025-04-09 16:59:53.750101)
2025-04-09 16:59:53,907 - INFO - [nodemqtt_2.py:583] EDGE 수신 : rep cls ctrlinfo N H TRAC000001 
2025-04-09 16:59:54,077 - INFO - [nodemqtt_2.py:545] ************** work_doing_monitor ******************** {"accel": "100.000000", "batteryRemainingCapacity": "58", "batteryTemperature": "0", "batteryVoltage": "0", "brake": "0.000000", "brakeStatus": "58", "brakeType": "0", "drivingDistance": "0.01", "emergencyLight": "1", "loadCapacity": "20.0", "mdpsAngle": "-33.000000", "transmission": "3", "turnSignal": "1", "wheelSpeed": "4.166667", "workRate": "20.0", "yawRate": "0.000000", "heading": "123.692200", "latitude": "36.610409", "longitude": "127.287885", "speed": "14.999999"}
2025-04-09 16:59:54,122 - INFO - [nodemqtt_2.py:582] %%%%%%%%%%%%%%%%%%%%%%%%% Edgesocket -> nodemqtt delay_time: 154.586ms , (2025-04-09 16:59:54.122540 - 2025-04-09 16:59:53.967954)
2025-04-09 16:59:54,123 - INFO - [nodemqtt_2.py:583] EDGE 수신 : rep vehicle location N H TRAC000001 
2025-04-09 16:59:54,336 - INFO - [nodemqtt_2.py:582] %%%%%%%%%%%%%%%%%%%%%%%%% Edgesocket -> nodemqtt delay_time: 153.425ms , (2025-04-09 16:59:54.335898 - 2025-04-09 16:59:54.182473)
2025-04-09 16:59:54,336 - INFO - [nodemqtt_2.py:583] EDGE 수신 : rep status info N H TRAC000001 
2025-04-09 16:59:54,554 - INFO - [nodemqtt_2.py:582] %%%%%%%%%%%%%%%%%%%%%%%%% Edgesocket -> nodemqtt delay_time: 156.192ms , (2025-04-09 16:59:54.554248 - 2025-04-09 16:59:54.398056)
2025-04-09 16:59:54,554 - INFO - [nodemqtt_2.py:583] EDGE 수신 : rep cls ctrlinfo N H TRAC000001 
2025-04-09 16:59:54,766 - INFO - [nodemqtt_2.py:582] %%%%%%%%%%%%%%%%%%%%%%%%% Edgesocket -> nodemqtt delay_time: 154.397ms , (2025-04-09 16:59:54.766491 - 2025-04-09 16:59:54.612094)
2025-04-09 16:59:54,766 - INFO - [nodemqtt_2.py:583] EDGE 수신 : rep vehicle location N H TRAC000001 
2025-04-09 16:59:54,983 - INFO - [nodemqtt_2.py:582] %%%%%%%%%%%%%%%%%%%%%%%%% Edgesocket -> nodemqtt delay_time: 155.559ms , (2025-04-09 16:59:54.983113 - 2025-04-09 16:59:54.827554)
2025-04-09 16:59:54,983 - INFO - [nodemqtt_2.py:583] EDGE 수신 : rep status info N H TRAC000001 
2025-04-09 16:59:55,184 - INFO - [nodemqtt_2.py:582] %%%%%%%%%%%%%%%%%%%%%%%%% Edgesocket -> nodemqtt delay_time: 156.018ms , (2025-04-09 16:59:55.184620 - 2025-04-09 16:59:55.028602)
2025-04-09 16:59:55,185 - INFO - [nodemqtt_2.py:583] EDGE 수신 : rep cls ctrlinfo N H TRAC000001 
2025-04-09 16:59:55,185 - ERROR - [nodemqtt_2.py:685] 메시지 처리 중 오류 발생: Java Virtual Machine is not running
2025-04-09 16:59:55,185 - ERROR - [nodemqtt_2.py:708] 메시지 처리 실패
